HI-TECH Software C Compiler 

Linker command line:

--edf=C:\Program Files\HI-TECH Software\PICC\9.70\dat\en_msgs.txt -cs \
  -h+CMC_iButton.sym -z -w9 --norlf -Q16F677 -MCMC_iButton.map -E1 \
  -ACODE=00h-07FFh -ACONST=00h-0FFhx8 -AENTRY=00h-0FFhx8 \
  -ASTRING=00h-0FFhx8 -ABANK0=020h-06Fh -ABANK1=0A0h-0BFh \
  -ARAM=020h-06Fh,0A0h-0BFh -AABS1=020h-07Fh,0A0h-0BFh -ACOMMON=070h-07Fh \
  -ASFR0=00h-01Fh -ASFR1=080h-09Fh -ASFR2=0100h-016Fh -ASFR3=0180h-01EFh \
  -preset_vec=00h,intentry,init,end_init -ppowerup=CODE \
  -ACONFIG=02007h-02007h -pconfig=CONFIG -DCONFIG=2 -AIDLOC=02000h-02003h \
  -pidloc=IDLOC -DIDLOC=2 -AEEDATA=00h-0FFh/02100h -peeprom_data=EEDATA \
  -DEEDATA=2 -DCODE=2 -k startup.obj CMC_iButton.obj 

Object code version is 3.10

Machine type is 16F677



                Name          Link     Load   Length Selector   Space       Scale
startup.obj     end_init         C        C        1       0     0
CMC_iButton.obj config        2007     2007        1    400E     0
                intentry         0        0        C       0     0
                text263        181      181       30     302     0
                text262        153      153       2E     2A6     0
                text264        1B1      1B1       30     362     0
                text266        2E9      2E9       39     5D2     0
                text265        3D2      3D2       43     7A4     0
                text261         E2       E2       1D     1C4     0
                text257        27A      27A       37     4F4     0
                text256         C6       C6       1C     18C     0
                text258        415      415       43     82A     0
                text260        1E1      1E1       32     3C2     0
                text259        213      213       32     426     0
                text274         4C       4C        D      98     0
                text273         FF       FF       29     1FE     0
                text275         67       67       16      CE     0
                text272        245      245       35     48A     0
                text268         94       94       18     128     0
                text267         2B       2B        2      56     0
                text269        35B      35B       39     6B6     0
                text271        128      128       2B     250     0
                text270         AC       AC       1A     158     0
                text255        458      458       4D     8B0     0
                bssBANK0        3D       3D       17      20     1
                bssCOMMON       70       70        7      70     1
                clrtext         2D       2D        8      5A     0
                cstackCOM       77       77        4      70     1
                cstackBAN       A0       A0        1      A0     1
                cinit           35       35        B      6A     0
                strings       2100     2100        B       0     0
                nvBANK0         54       54        1      20     1
                stringtex      700      700      100     E00     0
                text251         59       59        E      B2     0
                text250        4F7      4F7       69     9EE     0
                text252         40       40        C      80     0
                text254        2B1      2B1       38     562     0
                text253         7D       7D       17      FA     0
                text249        560      560       CC     AC0     0
                maintext       394      394       3E     728     0
                cstackBAN       20       20       1D      20     1
                text246        322      322       39     644     0
                text248        4A5      4A5       52     94A     0
                text247        62C      62C       D4     C58     0

TOTAL           Name          Link     Load   Length     Space
        CLASS   CODE           
                end_init         C        C        1     0
                intentry         0        0        C     0
                text263        181      181       30     0
                text262        153      153       2E     0
                text264        1B1      1B1       30     0
                text266        2E9      2E9       39     0
                text265        3D2      3D2       43     0
                text261         E2       E2       1D     0
                text257        27A      27A       37     0
                text256         C6       C6       1C     0
                text258        415      415       43     0
                text260        1E1      1E1       32     0
                text259        213      213       32     0
                text274         4C       4C        D     0
                text273         FF       FF       29     0
                text275         67       67       16     0
                text272        245      245       35     0
                text268         94       94       18     0
                text267         2B       2B        2     0
                text269        35B      35B       39     0
                text271        128      128       2B     0
                text270         AC       AC       1A     0
                text255        458      458       4D     0
                clrtext         2D       2D        8     0
                cinit           35       35        B     0
                strings       2100     2100        B     0
                stringtex      700      700      100     0
                text251         59       59        E     0
                text250        4F7      4F7       69     0
                text252         40       40        C     0
                text254        2B1      2B1       38     0
                text253         7D       7D       17     0
                text249        560      560       CC     0
                maintext       394      394       3E     0
                text246        322      322       39     0
                text248        4A5      4A5       52     0
                text247        62C      62C       D4     0

        CLASS   CONST          

        CLASS   ENTRY          

        CLASS   STRING         

        CLASS   BANK0          
                bssBANK0        3D       3D       17     1
                nvBANK0         54       54        1     1
                cstackBAN       20       20       1D     1

        CLASS   BANK1          
                cstackBAN       A0       A0        1     1

        CLASS   RAM            

        CLASS   ABS1           
                abs_s1          7E       7E        2     1

        CLASS   COMMON         
                bssCOMMON       70       70        7     1
                cstackCOM       77       77        4     1

        CLASS   SFR0           

        CLASS   SFR1           

        CLASS   SFR2           

        CLASS   SFR3           

        CLASS   CONFIG         
                config        2007     2007        1     0

        CLASS   IDLOC          

        CLASS   EEDATA         

        CLASS   BANK2          

        CLASS   BANK3          



SEGMENTS        Name            Load    Length   Top    Selector   Space  Class     Delta

                reset_vec       000000  00000D  00000D         0       0  CODE        2
                cstackBANK0     000020  000035  000055        20       1  BANK0       1
                text267         00002B  000002  00002D        56       0  CODE        2
                clrtext         00002D  000008  000035        5A       0  CODE        2
                cinit           000035  00000B  000040        6A       0  CODE        2
                bssCOMMON       000070  00000B  00007B        70       1  COMMON      1
                text252         000040  00000C  00004C        80       0  CODE        2
                text274         00004C  00000D  000059        98       0  CODE        2
                cstackBANK1     0000A0  000001  0000A1        A0       1  BANK1       1
                text251         000059  00000E  000067        B2       0  CODE        2
                text275         000067  000016  00007D        CE       0  CODE        2
                text253         00007D  000017  000094        FA       0  CODE        2
                text268         000094  000018  0000AC       128       0  CODE        2
                text270         0000AC  00001A  0000C6       158       0  CODE        2
                text256         0000C6  00001C  0000E2       18C       0  CODE        2
                text261         0000E2  00001D  0000FF       1C4       0  CODE        2
                text273         0000FF  000029  000128       1FE       0  CODE        2
                text271         000128  00002B  000153       250       0  CODE        2
                text262         000153  00002E  000181       2A6       0  CODE        2
                text263         000181  000030  0001B1       302       0  CODE        2
                text264         0001B1  000030  0001E1       362       0  CODE        2
                text260         0001E1  000032  000213       3C2       0  CODE        2
                text259         000213  000032  000245       426       0  CODE        2
                text272         000245  000035  00027A       48A       0  CODE        2
                text257         00027A  000037  0002B1       4F4       0  CODE        2
                text254         0002B1  000038  0002E9       562       0  CODE        2
                text266         0002E9  000039  000322       5D2       0  CODE        2
                text246         000322  000039  00035B       644       0  CODE        2
                text269         00035B  000039  000394       6B6       0  CODE        2
                maintext        000394  00003E  0003D2       728       0  CODE        2
                text265         0003D2  000043  000415       7A4       0  CODE        2
                text258         000415  000043  000458       82A       0  CODE        2
                text255         000458  00004D  0004A5       8B0       0  CODE        2
                text248         0004A5  000052  0004F7       94A       0  CODE        2
                text250         0004F7  000069  000560       9EE       0  CODE        2
                text249         000560  0000CC  00062C       AC0       0  CODE        2
                text247         00062C  0000D4  000700       C58       0  CODE        2
                stringtext1     000700  000100  000800       E00       0  CODE        2
                config          002007  000001  002008      400E       0  CONFIG      2


UNUSED ADDRESS RANGES

        Name                Unused          Largest block    Delta
        BANK0            00055-0006F              1B           1
        BANK1            000A1-000BF              1F           1
        CODE             0000D-0002A              1E           2
        COMMON           0007B-0007D               3           1
        CONST            0001A-00055              3C           1
        EEDATA           02100-021FF             100           2
        ENTRY            0001A-00055              3C           1
        IDLOC            02000-02003               4           2
        RAM              00055-0006F              1B           1
                         000A1-000BF              1F
        SFR0             00000-0001F              20           1
        SFR1             00080-0009F              20           1
        SFR2             00100-0016F              70           1
        SFR3             00180-001EF              70           1
        STRING           0001A-00055              3C           1

                                  Symbol Table

_INDF                               (abs)        00000
__Habs1                             abs1         00000
__Hbank0                            bank0        00000
__Hbank1                            bank1        00000
__Hbank2                            bank2        00000
__Hbank3                            bank3        00000
__Hclrtext                          clrtext      00000
__Hcode                             code         00000
__Hcommon                           common       00000
__Heeprom_data                      eeprom_data  00000
__Hram                              ram          00000
__Hreset_vec                        reset_vec    00000
__Hsfr0                             sfr0         00000
__Hsfr1                             sfr1         00000
__Hsfr2                             sfr2         00000
__Hsfr3                             sfr3         00000
__Hstrings                          strings      00000
__Htext                             text         00000
__Labs1                             abs1         00000
__Lbank0                            bank0        00000
__Lbank1                            bank1        00000
__Lbank2                            bank2        00000
__Lbank3                            bank3        00000
__Lclrtext                          clrtext      00000
__Lcode                             code         00000
__Lcommon                           common       00000
__Leeprom_data                      eeprom_data  00000
__Lintentry                         intentry     00000
__Lram                              ram          00000
__Lreset_vec                        reset_vec    00000
__Lsfr0                             sfr0         00000
__Lsfr1                             sfr1         00000
__Lsfr2                             sfr2         00000
__Lsfr3                             sfr3         00000
__Lstrings                          strings      00000
__Ltext                             text         00000
__pintentry                         intentry     00000
__size_of_AvailabeKey               (abs)        00000
__size_of_BuzzerBeep                (abs)        00000
__size_of_CRCCheck                  (abs)        00000
__size_of_CheckForiButtonDisconnect (abs)        00000
__size_of_ClearAllKeys              (abs)        00000
__size_of_ClearKey                  (abs)        00000
__size_of_Configuration             (abs)        00000
__size_of_ConfigureMasterKey        (abs)        00000
__size_of_DelayMs                   (abs)        00000
__size_of_DoorClose                 (abs)        00000
__size_of_DoorOpen                  (abs)        00000
__size_of_EEPROMReadKey             (abs)        00000
__size_of_EEPROMWriteKey            (abs)        00000
__size_of_EEPROMWriteKeyByte        (abs)        00000
__size_of_GoToSleep                 (abs)        00000
__size_of_InitiButton               (abs)        00000
__size_of_InvalidKeyIndication      (abs)        00000
__size_of_LockOperation             (abs)        00000
__size_of_PowerInit                 (abs)        00000
__size_of_ReadByteToiButton         (abs)        00000
__size_of_ReadEEPROM                (abs)        00000
__size_of_ReadiButton               (abs)        00000
__size_of_ToggleBuzzLED             (abs)        00000
__size_of_ToggleLED                 (abs)        00000
__size_of_Wait_With_LED_Blink       (abs)        00000
__size_of_WriteByteToiButton        (abs)        00000
__size_of_WriteEEPROM               (abs)        00000
__size_of_delay_10us                (abs)        00000
__size_of_isr                       (abs)        00000
__size_of_main                      (abs)        00000
__size_of_strcmp                    (abs)        00000
interrupt_function                  intentry     00000
intlevel0                           intentry     00000
intlevel1                           intentry     00000
intlevel2                           intentry     00000
intlevel3                           intentry     00000
intlevel4                           intentry     00000
intlevel5                           intentry     00000
reset_vec                           reset_vec    00000
_TMR0                               (abs)        00001
_PCL                                (abs)        00002
_STATUS                             (abs)        00003
_FSR                                (abs)        00004
_PORTA                              (abs)        00005
_PORTB                              (abs)        00006
_PORTC                              (abs)        00007
_PCLATH                             (abs)        0000A
_INTCON                             (abs)        0000B
_PIR1                               (abs)        0000C
_PIR2                               (abs)        0000D
_TMR1L                              (abs)        0000E
_TMR1H                              (abs)        0000F
_T1CON                              (abs)        00010
_SSPBUF                             (abs)        00013
_SSPCON                             (abs)        00014
_CARRY                              (abs)        00018
__Hinit                             init         0000C
__Hintentry                         intentry     0000C
__Lend_init                         end_init     0000C
__Linit                             init         0000C
_exit                               init         0000C
start                               init         0000C
_DC                                 (abs)        00019
_ZERO                               (abs)        0001A
__Hend_init                         end_init     0000D
__Hpowerup                          powerup      0000D
__Lpowerup                          powerup      0000D
__ptext276                          text276      0000D
_PD                                 (abs)        0001B
_TO                                 (abs)        0001C
_RP0                                (abs)        0001D
_ADRESH                             (abs)        0001E
_RP1                                (abs)        0001E
_ADCON0                             (abs)        0001F
_IRP                                (abs)        0001F
?_ReadEEPROM                        cstackBANK0  00020
?_strcmp                            cstackBANK0  00020
CRCCheck@KeyAllByteZero             cstackBANK0  00020
DelayMs@i                           cstackBANK0  00020
EEPROMReadKey@ReadAddress           cstackBANK0  00020
ReadByteToiButton@temp              cstackBANK0  00020
WriteByteToiButton@d                cstackBANK0  00020
__pcstackBANK0                      cstackBANK0  00020
strcmp@y                            cstackBANK0  00020
CRCCheck@CRC                        cstackBANK0  00021
EEPROMReadKey@KeyLength             cstackBANK0  00021
ReadByteToiButton@n                 cstackBANK0  00021
WriteByteToiButton@n                cstackBANK0  00021
??_AvailabeKey                      cstackBANK0  00022
?_EEPROMReadKey                     cstackBANK0  00022
CRCCheck@LenForCrc                  cstackBANK0  00022
DelayMs@j                           cstackBANK0  00022
ReadByteToiButton@i_byte            cstackBANK0  00022
AvailabeKey@key                     cstackBANK0  00023
CRCCheck@KeyPointer                 cstackBANK0  00023
?_DelayMs                           cstackBANK0  00024
AvailabeKey@i                       cstackBANK0  00024
DelayMs@TimeCnt                     cstackBANK0  00024
ReadiButton@iButtonPresent          cstackBANK0  00024
??_ConfigureMasterKey               cstackBANK0  00025
?_AvailabeKey                       cstackBANK0  00025
ReadiButton@n                       cstackBANK0  00025
??_BuzzerBeep                       cstackBANK0  00026
??_InvalidKeyIndication             cstackBANK0  00026
EEPROMWriteKey@WriteAddress         cstackBANK0  00026
EEPROMWriteKeyByte@WriteAddress     cstackBANK0  00026
??_main                             cstackBANK0  00027
?_InvalidKeyIndication              cstackBANK0  00027
ClearAllKeys@Master_Also            cstackBANK0  00027
ClearKey@KeyNum                     cstackBANK0  00027
EEPROMWriteKey@KeyLength            cstackBANK0  00027
ClearAllKeys@i                      cstackBANK0  00028
ClearKey@i                          cstackBANK0  00028
_RA0                                (abs)        00028
_RA1                                (abs)        00029
_RA2                                (abs)        0002A
BuzzerBeep@BeepNum                  cstackBANK0  0002B
_RA3                                (abs)        0002B
BuzzerBeep@BeepTime                 cstackBANK0  0002C
_RA4                                (abs)        0002C
_RA5                                (abs)        0002D
BuzzerBeep@BeepCnt                  cstackBANK0  0002E
?_BuzzerBeep                        cstackBANK0  0002F
BuzzerBeep@LONG_BEEP                cstackBANK0  0002F
??_Configuration                    cstackBANK0  00030
ConfigureMasterKey@PowerOnBeep      cstackBANK0  00030
?_ConfigureMasterKey                cstackBANK0  00031
Configuration@key                   cstackBANK0  00031
Configuration@KeyConfigured         cstackBANK0  00032
Configuration@i                     cstackBANK0  00033
??_LockOperation                    cstackBANK0  00034
?_Configuration                     cstackBANK0  00034
_RB4                                (abs)        00034
LockOperation@i                     cstackBANK0  00035
_RB5                                (abs)        00035
_RB6                                (abs)        00036
LockOperation@ShouldCheckConfig     cstackBANK0  00037
_RB7                                (abs)        00037
?_LockOperation                     cstackBANK0  00038
_RC0                                (abs)        00038
main@PowerOnBeep                    cstackBANK0  00038
??_isr                              cstackBANK0  00039
?_main                              cstackBANK0  00039
_RC1                                (abs)        00039
_RC2                                (abs)        0003A
_RC3                                (abs)        0003B
_RC4                                (abs)        0003C
_DataEEAddr                         bssBANK0     0003D
_RC5                                (abs)        0003D
__pbssBANK0                         bssBANK0     0003D
_RC6                                (abs)        0003E
_DataEEData                         bssBANK0     0003F
_RC7                                (abs)        0003F
_SlaveConfigured                    bssBANK0     00041
_EEPROMKey                          bssBANK0     00042
_iButtonKey                         bssBANK0     0004B
_AutoMode                           nvBANK0      00054
__pnvBANK0                          nvBANK0      00054
__Hstruct                           struct       00055
__Htemp                             temp         00055
__Lstruct                           struct       00055
__Ltemp                             temp         00055
_CheckForiButtonDisconnect          text267      0002B
__ptext267                          text267      0002B
_RABIF                              (abs)        00058
_RBIF                               (abs)        00058
_INTF                               (abs)        00059
_T0IF                               (abs)        0005A
__end_of_CheckForiButtonDisconnect  text267      0002D
clear_ram                           clrtext      0002D
_RABIE                              (abs)        0005B
_RBIE                               (abs)        0005B
_INTE                               (abs)        0005C
_T0IE                               (abs)        0005D
_PEIE                               (abs)        0005E
_GIE                                (abs)        0005F
_TMR1IF                             (abs)        00060
_SSPIF                              (abs)        00063
_ADIF                               (abs)        00066
start_initialization                cinit        00035
_EEIF                               (abs)        0006C
_C1IF                               (abs)        0006D
_C2IF                               (abs)        0006E
_OSFIF                              (abs)        0006F
_DoorState                          bssCOMMON    00070
__pbssCOMMON                        bssCOMMON    00070
_InvalidKeyCount                    bssCOMMON    00071
_LowBatt                            bssCOMMON    00072
_MatchKey                           bssCOMMON    00073
_TimeCounter                        bssCOMMON    00074
_ToggleSkipFlag                     bssCOMMON    00075
_t                                  bssCOMMON    00076
??_CRCCheck                         cstackCOMMON 00077
??_CheckForiButtonDisconnect        cstackCOMMON 00077
??_DelayMs                          cstackCOMMON 00077
??_DoorClose                        cstackCOMMON 00077
??_DoorOpen                         cstackCOMMON 00077
??_EEPROMWriteKey                   cstackCOMMON 00077
??_EEPROMWriteKeyByte               cstackCOMMON 00077
??_GoToSleep                        cstackCOMMON 00077
??_InitiButton                      cstackCOMMON 00077
??_PowerInit                        cstackCOMMON 00077
??_ReadByteToiButton                cstackCOMMON 00077
??_ReadEEPROM                       cstackCOMMON 00077
??_ToggleBuzzLED                    cstackCOMMON 00077
??_ToggleLED                        cstackCOMMON 00077
??_Wait_With_LED_Blink              cstackCOMMON 00077
??_WriteByteToiButton               cstackCOMMON 00077
??_WriteEEPROM                      cstackCOMMON 00077
??_delay_10us                       cstackCOMMON 00077
??_strcmp                           cstackCOMMON 00077
?_DoorClose                         cstackCOMMON 00077
?_GoToSleep                         cstackCOMMON 00077
?_PowerInit                         cstackCOMMON 00077
?_ToggleBuzzLED                     cstackCOMMON 00077
?_ToggleLED                         cstackCOMMON 00077
?_WriteEEPROM                       cstackCOMMON 00077
?_delay_10us                        cstackCOMMON 00077
InitiButton@PresencePulse           cstackCOMMON 00077
??_ReadiButton                      cstackCOMMON 00078
?_CRCCheck                          cstackCOMMON 00078
?_CheckForiButtonDisconnect         cstackCOMMON 00078
?_InitiButton                       cstackCOMMON 00078
?_ReadByteToiButton                 cstackCOMMON 00078
?_WriteByteToiButton                cstackCOMMON 00078
DoorOpen@BattStatus                 cstackCOMMON 00078
??_ClearAllKeys                     cstackCOMMON 00079
??_ClearKey                         cstackCOMMON 00079
??_EEPROMReadKey                    cstackCOMMON 00079
?_DoorOpen                          cstackCOMMON 00079
?_EEPROMWriteKey                    cstackCOMMON 00079
?_EEPROMWriteKeyByte                cstackCOMMON 00079
?_ReadiButton                       cstackCOMMON 00079
?_ClearAllKeys                      cstackCOMMON 0007A
?_ClearKey                          cstackCOMMON 0007A
?_Wait_With_LED_Blink               cstackCOMMON 0007A
?_isr                               cstackBANK1  000A1
__pcstackCOMMON                     cstackCOMMON 00077
Wait_With_LED_Blink@k               cstackCOMMON 00078
strcmp@x                            cstackCOMMON 00078
strcmp@i                            cstackCOMMON 00079
end_of_initialization               cinit        0003E
btemp                               (abs)        0007E
saved_w                             (abs)        0007F
_TMR1ON                             (abs)        00080
_ToggleBuzzLED                      text252      00040
__ptext252                          text252      00040
_OPTION                             (abs)        00081
_TMR1CS                             (abs)        00081
_T1SYNC                             (abs)        00082
_T1OSCEN                            (abs)        00083
_T1CKPS0                            (abs)        00084
_T1CKPS1                            (abs)        00085
_TRISA                              (abs)        00085
_TMR1GE                             (abs)        00086
_TRISB                              (abs)        00086
_T1GINV                             (abs)        00087
_TRISC                              (abs)        00087
_PIE1                               (abs)        0008C
_PIE2                               (abs)        0008D
_PCON                               (abs)        0008E
_OSCCON                             (abs)        0008F
_OSCTUNE                            (abs)        00090
_SSPADD                             (abs)        00093
_SSPMSK                             (abs)        00093
_SSPSTAT                            (abs)        00094
_WPUA                               (abs)        00095
_IOCA                               (abs)        00096
_WDTCON                             (abs)        00097
__end_of_ToggleBuzzLED              text252      0004C
__ptext274                          text274      0004C
_delay_10us                         text274      0004C
_ADRESL                             (abs)        0009E
_ADCON1                             (abs)        0009F
_SSPM0                              (abs)        000A0
__pcstackBANK1                      cstackBANK1  000A0
_SSPM1                              (abs)        000A1
_SSPM2                              (abs)        000A2
_SSPM3                              (abs)        000A3
_CKP                                (abs)        000A4
_SSPEN                              (abs)        000A5
_SSPOV                              (abs)        000A6
_WCOL                               (abs)        000A7
_GoToSleep                          text251      00059
__end_of_delay_10us                 text274      00059
__ptext251                          text251      00059
__end_of_GoToSleep                  text251      00067
__ptext275                          text275      00067
_isr                                text275      00067
_ADON                               (abs)        000F8
_GODONE                             (abs)        000F9
_CHS0                               (abs)        000FA
_DoorClose                          text253      0007D
__end_of_isr                        text275      0007D
__ptext253                          text253      0007D
_CHS1                               (abs)        000FB
_CHS2                               (abs)        000FC
_CHS3                               (abs)        000FD
_VCFG                               (abs)        000FE
_ADFM                               (abs)        000FF
_EEDAT                              (abs)        0010C
_EEDATA                             (abs)        0010C
_EEDATL                             (abs)        0010C
_EEADR                              (abs)        0010D
_EEADRL                             (abs)        0010D
_WPUB                               (abs)        00115
_IOCB                               (abs)        00116
_VRCON                              (abs)        00118
_CM1CON0                            (abs)        00119
_CM2CON0                            (abs)        0011A
_CM2CON1                            (abs)        0011B
_ANSEL                              (abs)        0011E
_ANSELH                             (abs)        0011F
_ToggleLED                          text268      00094
__end_of_DoorClose                  text253      00094
__ptext268                          text268      00094
_ReadEEPROM                         text270      000AC
__end_of_ToggleLED                  text268      000AC
__ptext270                          text270      000AC
__S1                                (abs)        00180
_EECON1                             (abs)        0018C
_Wait_With_LED_Blink                text256      000C6
__end_of_ReadEEPROM                 text270      000C6
__ptext256                          text256      000C6
_EECON2                             (abs)        0018D
_SRCON                              (abs)        0019E
_ClearKey                           text261      000E2
__end_of_Wait_With_LED_Blink        text256      000E2
__ptext261                          text261      000E2
_WriteEEPROM                        text273      000FF
__end_of_ClearKey                   text261      000FF
__ptext273                          text273      000FF
_DelayMs                            text271      00128
__end_of_WriteEEPROM                text273      00128
__ptext271                          text271      00128
__end_of_DelayMs                    text271      00153
__ptext262                          text262      00153
_strcmp                             text262      00153
_EEPROMWriteKeyByte                 text263      00181
__end_of_strcmp                     text262      00181
__ptext263                          text263      00181
_WriteByteToiButton                 text264      001B1
__end_of_EEPROMWriteKeyByte         text263      001B1
__ptext264                          text264      001B1
_ReadiButton                        text260      001E1
__end_of_WriteByteToiButton         text264      001E1
__ptext260                          text260      001E1
_PS0                                (abs)        00408
_PS1                                (abs)        00409
_PS2                                (abs)        0040A
_PSA                                (abs)        0040B
_T0SE                               (abs)        0040C
_T0CS                               (abs)        0040D
_INTEDG                             (abs)        0040E
_RABPU                              (abs)        0040F
_RBPU                               (abs)        0040F
_AvailabeKey                        text259      00213
__end_of_ReadiButton                text260      00213
__ptext259                          text259      00213
_TRISA0                             (abs)        00428
_TRISA1                             (abs)        00429
_TRISA2                             (abs)        0042A
_TRISA3                             (abs)        0042B
_TRISA4                             (abs)        0042C
_TRISA5                             (abs)        0042D
_TRISB4                             (abs)        00434
_TRISB5                             (abs)        00435
_TRISB6                             (abs)        00436
_TRISB7                             (abs)        00437
_TRISC0                             (abs)        00438
_TRISC1                             (abs)        00439
_TRISC2                             (abs)        0043A
_TRISC3                             (abs)        0043B
_TRISC4                             (abs)        0043C
_TRISC5                             (abs)        0043D
_TRISC6                             (abs)        0043E
_TRISC7                             (abs)        0043F
_TMR1IE                             (abs)        00460
_SSPIE                              (abs)        00463
_ADIE                               (abs)        00466
_EEIE                               (abs)        0046C
_C1IE                               (abs)        0046D
_C2IE                               (abs)        0046E
_OSFIE                              (abs)        0046F
_BOR                                (abs)        00470
_POR                                (abs)        00471
_SBOREN                             (abs)        00474
_ULPWUE                             (abs)        00475
_SCS                                (abs)        00478
_LTS                                (abs)        00479
_HTS                                (abs)        0047A
_OSTS                               (abs)        0047B
_IRCF0                              (abs)        0047C
_IRCF1                              (abs)        0047D
_IRCF2                              (abs)        0047E
_TUN0                               (abs)        00480
_TUN1                               (abs)        00481
_TUN2                               (abs)        00482
_TUN3                               (abs)        00483
_TUN4                               (abs)        00484
_InitiButton                        text272      00245
__end_of_AvailabeKey                text259      00245
__ptext272                          text272      00245
_BF                                 (abs)        004A0
_UA                                 (abs)        004A1
_RW                                 (abs)        004A2
_START                              (abs)        004A3
_STOP                               (abs)        004A4
_DA                                 (abs)        004A5
_CKE                                (abs)        004A6
_SMP                                (abs)        004A7
_WPUA0                              (abs)        004A8
_WPUA1                              (abs)        004A9
_WPUA2                              (abs)        004AA
_WPUA4                              (abs)        004AC
_WPUA5                              (abs)        004AD
_IOCA0                              (abs)        004B0
_IOCA1                              (abs)        004B1
_IOCA2                              (abs)        004B2
_IOCA3                              (abs)        004B3
_IOCA4                              (abs)        004B4
_IOCA5                              (abs)        004B5
_SWDTEN                             (abs)        004B8
_WDTPS0                             (abs)        004B9
_WDTPS1                             (abs)        004BA
_WDTPS2                             (abs)        004BB
_WDTPS3                             (abs)        004BC
_ClearAllKeys                       text257      0027A
__end_of_InitiButton                text272      0027A
__ptext257                          text257      0027A
_ADCS0                              (abs)        004FC
_ADCS1                              (abs)        004FD
_ADCS2                              (abs)        004FE
_InvalidKeyIndication               text254      002B1
__end_of_ClearAllKeys               text257      002B1
__ptext254                          text254      002B1
_EEPROMReadKey                      text266      002E9
__end_of_InvalidKeyIndication       text254      002E9
__ptext266                          text266      002E9
_ConfigureMasterKey                 text246      00322
__end_of_EEPROMReadKey              text266      00322
__ptext246                          text246      00322
_ReadByteToiButton                  text269      0035B
__end_of_ConfigureMasterKey         text246      0035B
__ptext269                          text269      0035B
__end_of_ReadByteToiButton          text269      00394
__pmaintext                         maintext     00394
_main                               maintext     00394
_CRCCheck                           text265      003D2
__end_of_main                       maintext     003D2
__ptext265                          text265      003D2
_EEPROMWriteKey                     text258      00415
__end_of_CRCCheck                   text265      00415
__ptext258                          text258      00415
_WPUB4                              (abs)        008AC
_WPUB5                              (abs)        008AD
_WPUB6                              (abs)        008AE
_WPUB7                              (abs)        008AF
_BuzzerBeep                         text255      00458
__end_of_EEPROMWriteKey             text258      00458
__ptext255                          text255      00458
_IOCB4                              (abs)        008B4
_IOCB5                              (abs)        008B5
_IOCB6                              (abs)        008B6
_IOCB7                              (abs)        008B7
_VR0                                (abs)        008C0
_VR1                                (abs)        008C1
_VR2                                (abs)        008C2
_VR3                                (abs)        008C3
_VP6EN                              (abs)        008C4
_VRR                                (abs)        008C5
_C2VREN                             (abs)        008C6
_C1VREN                             (abs)        008C7
_C1CH0                              (abs)        008C8
_C1CH1                              (abs)        008C9
_C1R                                (abs)        008CA
_C1POL                              (abs)        008CC
_C1OE                               (abs)        008CD
_C1OUT                              (abs)        008CE
_C1ON                               (abs)        008CF
_C2CH0                              (abs)        008D0
_C2CH1                              (abs)        008D1
_C2R                                (abs)        008D2
_C2POL                              (abs)        008D4
_C2OE                               (abs)        008D5
_C2OUT                              (abs)        008D6
_C2ON                               (abs)        008D7
_C2SYNC                             (abs)        008D8
_T1GSS                              (abs)        008D9
_MC2OUT                             (abs)        008DE
_MC1OUT                             (abs)        008DF
_ANS0                               (abs)        008F0
_ANS1                               (abs)        008F1
_ANS2                               (abs)        008F2
_ANS3                               (abs)        008F3
_ANS4                               (abs)        008F4
_ANS5                               (abs)        008F5
_ANS6                               (abs)        008F6
_ANS7                               (abs)        008F7
_ANS8                               (abs)        008F8
_ANS9                               (abs)        008F9
_ANS10                              (abs)        008FA
_ANS11                              (abs)        008FB
_PowerInit                          text248      004A5
__end_of_BuzzerBeep                 text255      004A5
__ptext248                          text248      004A5
_DoorOpen                           text250      004F7
__end_of_PowerInit                  text248      004F7
__ptext250                          text250      004F7
_Configuration                      text249      00560
__end_of_DoorOpen                   text250      00560
__ptext249                          text249      00560
_LockOperation                      text247      0062C
__end_of_Configuration              text249      0062C
__ptext247                          text247      0062C
_RD                                 (abs)        00C60
_WR                                 (abs)        00C61
_WREN                               (abs)        00C62
_WRERR                              (abs)        00C63
_PULSR                              (abs)        00CF2
_PULSS                              (abs)        00CF3
_C2REN                              (abs)        00CF4
_C1SEN                              (abs)        00CF5
_SR0                                (abs)        00CF6
_SR1                                (abs)        00CF7
_CRCValue                           stringtext1  00700
__end_of_LockOperation              text247      00700
__pstringtext1                      stringtext1  00700
__S0                                (abs)        02008
__S2                                (abs)        02100
__Hidloc                            idloc        02000
__Lidloc                            idloc        02000
__Lconfig                           config       02007
__Hconfig                           config       02008
__Babs1                             abs1         04200
__Bbank0                            bank0        04200
__Bbank1                            bank1        04200
__Bbank2                            bank2        04200
__Bbank3                            bank3        04200
__Bclrtext                          clrtext      04200
__Bcode                             code         04200
__Bcommon                           common       04200
__Beeprom_data                      eeprom_data  02100
__Bptbit_0                          ptbit_0      04200
__Bram                              ram          04200
__Bsfr0                             sfr0         04200
__Bsfr1                             sfr1         04200
__Bsfr2                             sfr2         04200
__Bsfr3                             sfr3         04200
__Bstrings                          strings      04200
__Btext                             text         04200
__HbssBANK0                         bssBANK0     04200
__HbssCOMMON                        bssCOMMON    04200
__Hcinit                            cinit        04200
__HcstackBANK1                      cstackBANK1  04200
__HcstackCOMMON                     cstackCOMMON 04200
__Hintsave                          intsave      04200
__Hmaintext                         maintext     04200
__LbssBANK0                         bssBANK0     04200
__LbssCOMMON                        bssCOMMON    04200
__Lcinit                            cinit        04200
__LcstackBANK1                      cstackBANK1  04200
__LcstackCOMMON                     cstackCOMMON 04200
__Lintsave                          intsave      04200
__Lmaintext                         maintext     04200
__pstrings                          strings      02100
__HcstackBANK0                      cstackBANK0  04216
__HnvBANK0                          nvBANK0      04216
__Hstringtext1                      stringtext1  04216
__LcstackBANK0                      cstackBANK0  04216
__LnvBANK0                          nvBANK0      04216
__Lstringtext1                      stringtext1  04216
__stringbase                        strings      0210B
__Hptbit_0                          ptbit_0      21000
__Lptbit_0                          ptbit_0      21000
stringdir                           strings      0210A
stringtab                           strings      02100
