HI-TECH Software C Compiler 

Linker command line:

--edf=C:\Program Files\HI-TECH Software\PICC\9.70\dat\en_msgs.txt -cs \
  -h+Serial_LCD_Comm.sym -z -Q16F690 -ol.obj -MSerial_LCD_Comm.map -E1 \
  -ACODE=00h-07FFhx2 -ACONST=00h-0FFhx16 -AENTRY=00h-0FFhx16 \
  -ASTRING=00h-0FFhx16 -ABANK0=020h-06Fh -ABANK1=0A0h-0EFh \
  -ABANK2=0120h-016Fh -ARAM=020h-06Fh,0A0h-0EFh,0120h-016Fh \
  -AABS1=020h-07Fh,0A0h-0EFh,0120h-016Fh -ACOMMON=070h-07Fh -ASFR0=00h-01Fh \
  -ASFR1=080h-09Fh -ASFR2=0100h-011Fh -ASFR3=0180h-01EFh \
  -preset_vec=00h,intentry,init,end_init -ppowerup=CODE \
  -ACONFIG=02007h-02007h -pconfig=CONFIG -DCONFIG=2 -AIDLOC=02000h-02003h \
  -pidloc=IDLOC -DIDLOC=2 -AEEDATA=00h-0FFh/02100h -peeprom_data=EEDATA \
  -DEEDATA=2 -DCODE=2 -k startup.obj Serial_LCD_Comm.obj 

Object code version is 3.10

Machine type is 16F690



                Name          Link     Load   Length Selector   Space       Scale
startup.obj     end_init         0        0        2       0     0
Serial_LCD_Comm.obj
                text67         6CE      6CE       18     D9C     0
                text68         6B6      6B6       18     D6C     0
                text65         756      756       2F     EAC     0
                text66         6E6      6E6       1A     DCC     0
                text69         685      685       10     D0A     0
                text72         729      729       2D     E52     0
                text70         6A5      6A5       11     D4A     0
                text71         695      695       10     D2A     0
                strings        700      700       1C       E     0
                cinit          680      680        5     D00     0
                bssCOMMON       79       79        2      70     1
                maintext       785      785       7B     F0A     0
                text64         71C      71C        D       E     0
                cstackCOM       70       70        9      70     1
                cstackBAN       20       20        5      20     1

TOTAL           Name          Link     Load   Length     Space
        CLASS   CODE           
                end_init         0        0        2     0
                text67         6CE      6CE       18     0
                text68         6B6      6B6       18     0
                text65         756      756       2F     0
                text66         6E6      6E6       1A     0
                text69         685      685       10     0
                text72         729      729       2D     0
                text70         6A5      6A5       11     0
                text71         695      695       10     0
                strings        700      700       1C     0
                cinit          680      680        5     0
                maintext       785      785       7B     0
                text64         71C      71C        D     0

        CLASS   CONST          

        CLASS   ENTRY          

        CLASS   STRING         

        CLASS   BANK0          
                cstackBAN       20       20        5     1

        CLASS   BANK1          

        CLASS   BANK2          

        CLASS   RAM            

        CLASS   ABS1           
                abs_s1          7E       7E        2     1

        CLASS   COMMON         
                bssCOMMON       79       79        2     1
                cstackCOM       70       70        9     1

        CLASS   SFR0           

        CLASS   SFR1           

        CLASS   SFR2           

        CLASS   SFR3           

        CLASS   CONFIG         

        CLASS   IDLOC          

        CLASS   EEDATA         

        CLASS   BANK3          



SEGMENTS        Name            Load    Length   Top    Selector   Space  Class     Delta

                reset_vec       000000  000002  000002         0       0  CODE        2
                cstackBANK0     000020  000005  000025        20       1  BANK0       1
                cstackCOMMON    000070  00000B  00007B        70       1  COMMON      1
                cinit           000680  000005  000685       D00       0  CODE        2
                text69          000685  000010  000695       D0A       0  CODE        2
                text71          000695  000010  0006A5       D2A       0  CODE        2
                text70          0006A5  000011  0006B6       D4A       0  CODE        2
                text68          0006B6  000018  0006CE       D6C       0  CODE        2
                text67          0006CE  000018  0006E6       D9C       0  CODE        2
                text66          0006E6  00001A  000700       DCC       0  CODE        2
                strings         000700  000029  000729         E       0  CODE        2
                text72          000729  00002D  000756       E52       0  CODE        2
                text65          000756  00002F  000785       EAC       0  CODE        2
                maintext        000785  00007B  000800       F0A       0  CODE        2


UNUSED ADDRESS RANGES

        Name                Unused          Largest block    Delta
        BANK0            00025-0006F              4B           1
        BANK1            000A0-000EF              50           1
        BANK2            00120-0016F              50           1
        CODE             00002-0067F             67E           2
                         00800-00FFF             800
        COMMON           0007B-0007D               3           1
        CONFIG           02007-02007               1           2
        CONST            00004-00CFF             100           1
        EEDATA           02100-021FF             100           2
        ENTRY            00004-00CFF             100           1
        IDLOC            02000-02003               4           2
        RAM              00025-0006F              4B           1
                         000A0-000EF              50
                         00120-0016F              50
        SFR0             00000-0001F              20           1
        SFR1             00080-0009F              20           1
        SFR2             00100-0011F              20           1
        SFR3             00180-001EF              70           1
        STRING           00004-00CFF             100           1

                                  Symbol Table

??_Clear_LCD               cstackCOMMON 00072
??_Delay                   cstackCOMMON 00070
??_Display_Char_LCD        cstackCOMMON 00072
??_Display_Data_LCD        cstackCOMMON 00072
??_Initialize_LCD          cstackCOMMON 00072
??_Send_Command_LCD        cstackCOMMON 00072
??_Serial_Init             cstackCOMMON 00070
??_Serial_Receive          cstackCOMMON 00070
??_Serial_Transmit         cstackCOMMON 00072
??_main                    cstackCOMMON 00078
?_Clear_LCD                cstackCOMMON 00078
?_Delay                    cstackCOMMON 00077
?_Display_Char_LCD         cstackCOMMON 00078
?_Display_Data_LCD         cstackBANK0  00023
?_Initialize_LCD           cstackCOMMON 00078
?_Send_Command_LCD         cstackCOMMON 00078
?_Serial_Init              cstackCOMMON 00070
?_Serial_Receive           cstackCOMMON 00071
?_Serial_Transmit          cstackCOMMON 00078
?_main                     cstackCOMMON 00079
Delay@u                    cstackCOMMON 00073
Delay@v                    cstackCOMMON 00075
Delay@val                  cstackCOMMON 00072
Display_Char_LCD@a         cstackCOMMON 00077
Display_Data_LCD@count     cstackBANK0  00023
Display_Data_LCD@mdata     cstackBANK0  00020
Display_Data_LCD@x         cstackBANK0  00021
Send_Command_LCD@comd      cstackCOMMON 00077
Serial_Receive@temp        cstackCOMMON 00070
Serial_Transmit@data1      cstackBANK0  00020
_ABDEN                     (abs)        004D8
_ABDOVF                    (abs)        004DF
_ADCON0                    (abs)        0001F
_ADCON1                    (abs)        0009F
_ADCS0                     (abs)        004FC
_ADCS1                     (abs)        004FD
_ADCS2                     (abs)        004FE
_ADDEN                     (abs)        000C3
_ADFM                      (abs)        000FF
_ADIE                      (abs)        00466
_ADIF                      (abs)        00066
_ADON                      (abs)        000F8
_ADRESH                    (abs)        0001E
_ADRESL                    (abs)        0009E
_ANS0                      (abs)        008F0
_ANS1                      (abs)        008F1
_ANS10                     (abs)        008FA
_ANS11                     (abs)        008FB
_ANS2                      (abs)        008F2
_ANS3                      (abs)        008F3
_ANS4                      (abs)        008F4
_ANS5                      (abs)        008F5
_ANS6                      (abs)        008F6
_ANS7                      (abs)        008F7
_ANS8                      (abs)        008F8
_ANS9                      (abs)        008F9
_ANSEL                     (abs)        0011E
_ANSELH                    (abs)        0011F
_BAUDCTL                   (abs)        0009B
_BF                        (abs)        004A0
_BOR                       (abs)        00470
_BRG0                      (abs)        004C8
_BRG1                      (abs)        004C9
_BRG10                     (abs)        004D2
_BRG11                     (abs)        004D3
_BRG12                     (abs)        004D4
_BRG13                     (abs)        004D5
_BRG14                     (abs)        004D6
_BRG15                     (abs)        004D7
_BRG16                     (abs)        004DB
_BRG2                      (abs)        004CA
_BRG3                      (abs)        004CB
_BRG4                      (abs)        004CC
_BRG5                      (abs)        004CD
_BRG6                      (abs)        004CE
_BRG7                      (abs)        004CF
_BRG8                      (abs)        004D0
_BRG9                      (abs)        004D1
_BRGH                      (abs)        004C2
_C1CH0                     (abs)        008C8
_C1CH1                     (abs)        008C9
_C1IE                      (abs)        0046D
_C1IF                      (abs)        0006D
_C1OE                      (abs)        008CD
_C1ON                      (abs)        008CF
_C1OUT                     (abs)        008CE
_C1POL                     (abs)        008CC
_C1R                       (abs)        008CA
_C1SEN                     (abs)        00CF5
_C1VREN                    (abs)        008C7
_C2CH0                     (abs)        008D0
_C2CH1                     (abs)        008D1
_C2IE                      (abs)        0046E
_C2IF                      (abs)        0006E
_C2OE                      (abs)        008D5
_C2ON                      (abs)        008D7
_C2OUT                     (abs)        008D6
_C2POL                     (abs)        008D4
_C2R                       (abs)        008D2
_C2REN                     (abs)        00CF4
_C2SYNC                    (abs)        008D8
_C2VREN                    (abs)        008C6
_CARRY                     (abs)        00018
_CCP1CON                   (abs)        00017
_CCP1IE                    (abs)        00462
_CCP1IF                    (abs)        00062
_CCP1M0                    (abs)        000B8
_CCP1M1                    (abs)        000B9
_CCP1M2                    (abs)        000BA
_CCP1M3                    (abs)        000BB
_CCPR1H                    (abs)        00016
_CCPR1L                    (abs)        00015
_CHS0                      (abs)        000FA
_CHS1                      (abs)        000FB
_CHS2                      (abs)        000FC
_CHS3                      (abs)        000FD
_CKE                       (abs)        004A6
_CKP                       (abs)        000A4
_CM1CON0                   (abs)        00119
_CM2CON0                   (abs)        0011A
_CM2CON1                   (abs)        0011B
_CREN                      (abs)        000C4
_CSRC                      (abs)        004C7
_Clear_LCD                 text70       006A5
_DA                        (abs)        004A5
_DC                        (abs)        00019
_DC1B0                     (abs)        000BC
_DC1B1                     (abs)        000BD
_Delay                     text72       00729
_Display_Char_LCD          text69       00685
_Display_Data_LCD          text65       00756
_ECCPAS                    (abs)        0001D
_ECCPAS0                   (abs)        000EC
_ECCPAS1                   (abs)        000ED
_ECCPAS2                   (abs)        000EE
_ECCPASE                   (abs)        000EF
_EEADR                     (abs)        0010D
_EEADRH                    (abs)        0010F
_EEADRL                    (abs)        0010D
_EECON1                    (abs)        0018C
_EECON2                    (abs)        0018D
_EEDAT                     (abs)        0010C
_EEDATA                    (abs)        0010C
_EEDATH                    (abs)        0010E
_EEDATL                    (abs)        0010C
_EEIE                      (abs)        0046C
_EEIF                      (abs)        0006C
_EEPGD                     (abs)        00C67
_FERR                      (abs)        000C2
_FSR                       (abs)        00004
_GIE                       (abs)        0005F
_GODONE                    (abs)        000F9
_HTS                       (abs)        0047A
_INDF                      (abs)        00000
_INTCON                    (abs)        0000B
_INTE                      (abs)        0005C
_INTEDG                    (abs)        0040E
_INTF                      (abs)        00059
_IOCA                      (abs)        00096
_IOCA0                     (abs)        004B0
_IOCA1                     (abs)        004B1
_IOCA2                     (abs)        004B2
_IOCA3                     (abs)        004B3
_IOCA4                     (abs)        004B4
_IOCA5                     (abs)        004B5
_IOCB                      (abs)        00116
_IOCB4                     (abs)        008B4
_IOCB5                     (abs)        008B5
_IOCB6                     (abs)        008B6
_IOCB7                     (abs)        008B7
_IRCF0                     (abs)        0047C
_IRCF1                     (abs)        0047D
_IRCF2                     (abs)        0047E
_IRP                       (abs)        0001F
_Initialize_LCD            text67       006CE
_LTS                       (abs)        00479
_MC1OUT                    (abs)        008DF
_MC2OUT                    (abs)        008DE
_OERR                      (abs)        000C1
_OPTION                    (abs)        00081
_OSCCON                    (abs)        0008F
_OSCTUNE                   (abs)        00090
_OSFIE                     (abs)        0046F
_OSFIF                     (abs)        0006F
_OSTS                      (abs)        0047B
_P1M0                      (abs)        000BE
_P1M1                      (abs)        000BF
_PCL                       (abs)        00002
_PCLATH                    (abs)        0000A
_PCON                      (abs)        0008E
_PD                        (abs)        0001B
_PDC0                      (abs)        000E0
_PDC1                      (abs)        000E1
_PDC2                      (abs)        000E2
_PDC3                      (abs)        000E3
_PDC4                      (abs)        000E4
_PDC5                      (abs)        000E5
_PDC6                      (abs)        000E6
_PEIE                      (abs)        0005E
_PIE1                      (abs)        0008C
_PIE2                      (abs)        0008D
_PIR1                      (abs)        0000C
_PIR2                      (abs)        0000D
_POR                       (abs)        00471
_PORTA                     (abs)        00005
_PORTB                     (abs)        00006
_PORTC                     (abs)        00007
_PR2                       (abs)        00092
_PRSEN                     (abs)        000E7
_PS0                       (abs)        00408
_PS1                       (abs)        00409
_PS2                       (abs)        0040A
_PSA                       (abs)        0040B
_PSSAC0                    (abs)        000EA
_PSSAC1                    (abs)        000EB
_PSSBD0                    (abs)        000E8
_PSSBD1                    (abs)        000E9
_PSTRCON                   (abs)        0019D
_PULSR                     (abs)        00CF2
_PULSS                     (abs)        00CF3
_PWM1CON                   (abs)        0001C
_RA0                       (abs)        00028
_RA1                       (abs)        00029
_RA2                       (abs)        0002A
_RA3                       (abs)        0002B
_RA4                       (abs)        0002C
_RA5                       (abs)        0002D
_RABIE                     (abs)        0005B
_RABIF                     (abs)        00058
_RABPU                     (abs)        0040F
_RB4                       (abs)        00034
_RB5                       (abs)        00035
_RB6                       (abs)        00036
_RB7                       (abs)        00037
_RBIE                      (abs)        0005B
_RBIF                      (abs)        00058
_RBPU                      (abs)        0040F
_RC0                       (abs)        00038
_RC1                       (abs)        00039
_RC2                       (abs)        0003A
_RC3                       (abs)        0003B
_RC4                       (abs)        0003C
_RC5                       (abs)        0003D
_RC6                       (abs)        0003E
_RC7                       (abs)        0003F
_RCIDL                     (abs)        004DE
_RCIE                      (abs)        00465
_RCIF                      (abs)        00065
_RCREG                     (abs)        0001A
_RCSTA                     (abs)        00018
_RD                        (abs)        00C60
_RP0                       (abs)        0001D
_RP1                       (abs)        0001E
_RW                        (abs)        004A2
_RX9                       (abs)        000C6
_RX9D                      (abs)        000C0
_Recd_bit                  bssCOMMON    00079
_SBOREN                    (abs)        00474
_SCKP                      (abs)        004DC
_SCS                       (abs)        00478
_SENDB                     (abs)        004C3
_SMP                       (abs)        004A7
_SPBRG                     (abs)        00099
_SPBRGH                    (abs)        0009A
_SPEN                      (abs)        000C7
_SR0                       (abs)        00CF6
_SR1                       (abs)        00CF7
_SRCON                     (abs)        0019E
_SREN                      (abs)        000C5
_SSPADD                    (abs)        00093
_SSPBUF                    (abs)        00013
_SSPCON                    (abs)        00014
_SSPEN                     (abs)        000A5
_SSPIE                     (abs)        00463
_SSPIF                     (abs)        00063
_SSPM0                     (abs)        000A0
_SSPM1                     (abs)        000A1
_SSPM2                     (abs)        000A2
_SSPM3                     (abs)        000A3
_SSPMSK                    (abs)        00093
_SSPOV                     (abs)        000A6
_SSPSTAT                   (abs)        00094
_START                     (abs)        004A3
_STATUS                    (abs)        00003
_STOP                      (abs)        004A4
_STRA                      (abs)        00CE8
_STRB                      (abs)        00CE9
_STRC                      (abs)        00CEA
_STRD                      (abs)        00CEB
_STRSYNC                   (abs)        00CEC
_SWDTEN                    (abs)        004B8
_SYNC                      (abs)        004C4
_Send_Command_LCD          text71       00695
_Serial_Init               text66       006E6
_Serial_Receive            text64       0071C
_Serial_Transmit           text68       006B6
_T0CS                      (abs)        0040D
_T0IE                      (abs)        0005D
_T0IF                      (abs)        0005A
_T0SE                      (abs)        0040C
_T1CKPS0                   (abs)        00084
_T1CKPS1                   (abs)        00085
_T1CON                     (abs)        00010
_T1GINV                    (abs)        00087
_T1GSS                     (abs)        008D9
_T1OSCEN                   (abs)        00083
_T1SYNC                    (abs)        00082
_T2CKPS0                   (abs)        00090
_T2CKPS1                   (abs)        00091
_T2CON                     (abs)        00012
_TMR0                      (abs)        00001
_TMR1CS                    (abs)        00081
_TMR1GE                    (abs)        00086
_TMR1H                     (abs)        0000F
_TMR1IE                    (abs)        00460
_TMR1IF                    (abs)        00060
_TMR1L                     (abs)        0000E
_TMR1ON                    (abs)        00080
_TMR2                      (abs)        00011
_TMR2IE                    (abs)        00461
_TMR2IF                    (abs)        00061
_TMR2ON                    (abs)        00092
_TO                        (abs)        0001C
_TOUTPS0                   (abs)        00093
_TOUTPS1                   (abs)        00094
_TOUTPS2                   (abs)        00095
_TOUTPS3                   (abs)        00096
_TRISA                     (abs)        00085
_TRISA0                    (abs)        00428
_TRISA1                    (abs)        00429
_TRISA2                    (abs)        0042A
_TRISA3                    (abs)        0042B
_TRISA4                    (abs)        0042C
_TRISA5                    (abs)        0042D
_TRISB                     (abs)        00086
_TRISB4                    (abs)        00434
_TRISB5                    (abs)        00435
_TRISB6                    (abs)        00436
_TRISB7                    (abs)        00437
_TRISC                     (abs)        00087
_TRISC0                    (abs)        00438
_TRISC1                    (abs)        00439
_TRISC2                    (abs)        0043A
_TRISC3                    (abs)        0043B
_TRISC4                    (abs)        0043C
_TRISC5                    (abs)        0043D
_TRISC6                    (abs)        0043E
_TRISC7                    (abs)        0043F
_TRMT                      (abs)        004C1
_TUN0                      (abs)        00480
_TUN1                      (abs)        00481
_TUN2                      (abs)        00482
_TUN3                      (abs)        00483
_TUN4                      (abs)        00484
_TX9                       (abs)        004C6
_TX9D                      (abs)        004C0
_TXEN                      (abs)        004C5
_TXIE                      (abs)        00464
_TXIF                      (abs)        00064
_TXREG                     (abs)        00019
_TXSTA                     (abs)        00098
_UA                        (abs)        004A1
_ULPWUE                    (abs)        00475
_VCFG                      (abs)        000FE
_VP6EN                     (abs)        008C4
_VR0                       (abs)        008C0
_VR1                       (abs)        008C1
_VR2                       (abs)        008C2
_VR3                       (abs)        008C3
_VRCON                     (abs)        00118
_VRR                       (abs)        008C5
_WCOL                      (abs)        000A7
_WDTCON                    (abs)        00097
_WDTPS0                    (abs)        004B9
_WDTPS1                    (abs)        004BA
_WDTPS2                    (abs)        004BB
_WDTPS3                    (abs)        004BC
_WPUA                      (abs)        00095
_WPUA0                     (abs)        004A8
_WPUA1                     (abs)        004A9
_WPUA2                     (abs)        004AA
_WPUA4                     (abs)        004AC
_WPUA5                     (abs)        004AD
_WPUB                      (abs)        00115
_WPUB4                     (abs)        008AC
_WPUB5                     (abs)        008AD
_WPUB6                     (abs)        008AE
_WPUB7                     (abs)        008AF
_WR                        (abs)        00C61
_WREN                      (abs)        00C62
_WRERR                     (abs)        00C63
_WUE                       (abs)        004D9
_ZERO                      (abs)        0001A
__Babs1                    abs1         04200
__Bbank0                   bank0        04200
__Bbank1                   bank1        04200
__Bbank2                   bank2        04200
__Bbank3                   bank3        04200
__Bclrtext                 clrtext      04200
__Bcode                    code         04200
__Bcommon                  common       04200
__Beeprom_data             eeprom_data  02100
__Bptbit_0                 ptbit_0      04200
__Bram                     ram          04200
__Bsfr0                    sfr0         04200
__Bsfr1                    sfr1         04200
__Bsfr2                    sfr2         04200
__Bsfr3                    sfr3         04200
__Bstrings                 strings      04200
__Btext                    text         04200
__Habs1                    abs1         00000
__Hbank0                   bank0        00000
__Hbank1                   bank1        00000
__Hbank2                   bank2        00000
__Hbank3                   bank3        00000
__HbssCOMMON               bssCOMMON    04200
__Hcinit                   cinit        04200
__Hclrtext                 clrtext      00000
__Hcode                    code         00000
__Hcommon                  common       00000
__Hconfig                  config       02007
__HcstackBANK0             cstackBANK0  04200
__HcstackCOMMON            cstackCOMMON 04200
__Heeprom_data             eeprom_data  00000
__Hend_init                end_init     00002
__Hidloc                   idloc        02000
__Hinit                    init         00000
__Hintentry                intentry     00000
__Hintsave                 intsave      04200
__Hmaintext                maintext     04200
__Hpowerup                 powerup      00002
__Hptbit_0                 ptbit_0      21000
__Hram                     ram          00000
__Hreset_vec               reset_vec    00000
__Hsfr0                    sfr0         00000
__Hsfr1                    sfr1         00000
__Hsfr2                    sfr2         00000
__Hsfr3                    sfr3         00000
__Hstrings                 strings      00000
__Hstruct                  struct       00025
__Htemp                    temp         00025
__Htext                    text         00000
__Labs1                    abs1         00000
__Lbank0                   bank0        00000
__Lbank1                   bank1        00000
__Lbank2                   bank2        00000
__Lbank3                   bank3        00000
__LbssCOMMON               bssCOMMON    04200
__Lcinit                   cinit        04200
__Lclrtext                 clrtext      00000
__Lcode                    code         00000
__Lcommon                  common       00000
__Lconfig                  config       02007
__LcstackBANK0             cstackBANK0  04200
__LcstackCOMMON            cstackCOMMON 04200
__Leeprom_data             eeprom_data  00000
__Lend_init                end_init     00000
__Lidloc                   idloc        02000
__Linit                    init         00000
__Lintentry                intentry     00000
__Lintsave                 intsave      04200
__Lmaintext                maintext     04200
__Lpowerup                 powerup      00002
__Lptbit_0                 ptbit_0      21000
__Lram                     ram          00000
__Lreset_vec               reset_vec    00000
__Lsfr0                    sfr0         00000
__Lsfr1                    sfr1         00000
__Lsfr2                    sfr2         00000
__Lsfr3                    sfr3         00000
__Lstrings                 strings      00000
__Lstruct                  struct       00025
__Ltemp                    temp         00025
__Ltext                    text         00000
__S0                       (abs)        02007
__S1                       (abs)        00180
__S2                       (abs)        02100
__end_of_Clear_LCD         text70       006B6
__end_of_Delay             text72       00756
__end_of_Display_Char_LCD  text69       00695
__end_of_Display_Data_LCD  text65       00785
__end_of_Initialize_LCD    text67       006E6
__end_of_Send_Command_LCD  text71       006A5
__end_of_Serial_Init       text66       00700
__end_of_Serial_Receive    text64       00729
__end_of_Serial_Transmit   text68       006CE
__end_of_main              maintext     00800
__pbssCOMMON               bssCOMMON    00079
__pcstackBANK0             cstackBANK0  00020
__pcstackCOMMON            cstackCOMMON 00070
__pmaintext                maintext     00785
__pstrings                 strings      00700
__ptext63                  text63       0071C
__ptext64                  text64       0071C
__ptext65                  text65       00756
__ptext66                  text66       006E6
__ptext67                  text67       006CE
__ptext68                  text68       006B6
__ptext69                  text69       00685
__ptext70                  text70       006A5
__ptext71                  text71       00695
__ptext72                  text72       00729
__ptext73                  text73       0071C
__size_of_Clear_LCD        (abs)        00000
__size_of_Delay            (abs)        00000
__size_of_Display_Char_LCD (abs)        00000
__size_of_Display_Data_LCD (abs)        00000
__size_of_Initialize_LCD   (abs)        00000
__size_of_Send_Command_LCD (abs)        00000
__size_of_Serial_Init      (abs)        00000
__size_of_Serial_Receive   (abs)        00000
__size_of_Serial_Transmit  (abs)        00000
__size_of_main             (abs)        00000
__stringbase               strings      0070E
_exit                      init         00000
_main                      maintext     00785
_u                         bssCOMMON    0007A
btemp                      (abs)        0007E
end_of_initialization      cinit        00682
intlevel0                  intentry     00000
intlevel1                  intentry     00000
intlevel2                  intentry     00000
intlevel3                  intentry     00000
intlevel4                  intentry     00000
intlevel5                  intentry     00000
reset_vec                  reset_vec    00000
start                      init         00000
start_initialization       cinit        00680
stringdir                  strings      00709
stringjmp                  strings      0070D
stringtab                  strings      00700
