HI-TECH Software C Compiler 

Linker command line:

--edf=C:\Program Files\HI-TECH Software\PICC\LITE\9.60\dat\en_msgs.txt \
  -h+Modular_LCD.sym -z -Q16F690 -MModular_LCD.map -E1 -ACODE=00h-07FFh \
  -ACONST=00h-0FFhx8 -AENTRY=00h-0FFhx8 -ASTRING=00h-0FFhx8 \
  -ABANK0=020h-07Fh -ABANK1=0A0h-0EFh -ACOMBANK=070h-07Fh \
  -preset_vec=00h,intentry,intcode,intret,init,end_init,clrtext,maintext,stringtable,pstrings,strings \
  -ppowerup=CODE -ptemp=-COMBANK -pintsave_0=-COMBANK \
  -prbit_0=BANK0,rbss_0=BANK0,rdata_0=BANK0,idata_0=CODE -pnvram=BANK0 \
  -pintsave_1=BANK1 -prbit_1=BANK1,rbss_1=BANK1,rdata_1=BANK1,idata_1=CODE \
  -pnvram_1=BANK1,nvbit_1=BANK1 -ACONFIG=02007h-02007h -pconfig=CONFIG \
  -AIDLOC=02000h-02003h -pidloc=IDLOC -AEEDATA=00h-0FFh/02100h \
  -peeprom_data=EEDATA -pfloat_text0=CODE,float_text1=CODE,float_text2=CODE \
  -pfloat_text3=CODE,float_text4=CODE \
  C:\DOCUME~1\Amit\LOCALS~1\Temp\s39g.obj main.obj \
  C:\Program Files\HI-TECH Software\PICC\LITE\9.60\lib\pcl32--u.lib \
  C:\Program Files\HI-TECH Software\PICC\LITE\9.60\lib\pcl40c-c.lib \
  C:\Program Files\HI-TECH Software\PICC\LITE\9.60\lib\pcl32--u.lib 

Object code version is 3.10

Machine type is 16F690

Call graph:

*_main size 0,0 offset 0
*    _Initialize_LCD size 0,0 offset 0
*    _Send_Command size 0,0 offset 0
*    _Display_Data size 0,0 offset 0
*    _Delay size 0,0 offset 0
*    _Clear_LCD size 0,0 offset 0

Estimated maximum call depth: 1


		Name          Link     Load   Length Selector Space Scale
C:\DOCUME~1\Amit\LOCALS~1\Temp\s39g.obj
		end_init         0        0        1       0     0
main.obj        strings          1        1       35       0     0
		text0          7BC      7BC       44     F78     0

C:\Program Files\HI-TECH Software\PICC\LITE\9.60\lib\pcl32--u.lib

C:\Program Files\HI-TECH Software\PICC\LITE\9.60\lib\pcl40c-c.lib

C:\Program Files\HI-TECH Software\PICC\LITE\9.60\lib\pcl32--u.lib

TOTAL		Name          Link     Load   Length
	CLASS	CODE     
		end_init         0        0        1
		text0          7BC      7BC       44

	CLASS	CONST    

	CLASS	ENTRY    

	CLASS	STRING   
		strings          1        1       35

	CLASS	BANK0    

	CLASS	BANK1    

	CLASS	COMBANK  

	CLASS	CONFIG   

	CLASS	IDLOC    

	CLASS	EEDATA   

	CLASS	BANK3    

	CLASS	BANK2    



SEGMENTS	Name		Load	Length	 Top	Selector    Space Class

		reset_vec       000000	000036	000036	       0       0  CODE    
		text0           0007BC	000044	000800	     F78       0  CODE    


UNUSED ADDRESS RANGES

	BANK0            0020-007F
	BANK1            00A0-00EF
	CODE             0036-07BB
	COMBANK          0070-007F
	CONFIG           2007-2007
	CONST            0036-07BB
	EEDATA           2100-21FF
	ENTRY            0036-07BB
	IDLOC            2000-2003
	STRING           0036-07BB

                                  Symbol Table

?_Delay         rbss_0      0020  ?_Display_Data  rbss_0      0020
?_Send_Command  rbss_0      0020  _Clear_LCD                      
_Delay                            _Display_Data                   
_Initialize_LCD                   _Send_Command                   
__Beeprom_data  eeprom_data 2100  __Bnvbit_0      nvbit_0     006C
__Bnvbit_1      nvbit_1     00A0  __Bnvbit_2      nvbit_2     006C
__Bnvbit_3      nvbit_3     006C  __Bptbit_0      ptbit_0     006C
__Brbit_0       rbit_0      0020  __Brbit_1       rbit_1      00A0
__Brbit_2       rbit_2      006C  __Brbit_3       rbit_3      006C
__Hclrtext      clrtext     0001  __Hcode         code        006C
__Hcommon_ram   common_ram  006C  __Hconfig       config      2007
__Heeprom_data  eeprom_data 0000  __Hend_init     end_init    0001
__Hfloat_text0  float_text0 0036  __Hfloat_text1  float_text1 0036
__Hfloat_text2  float_text2 0036  __Hfloat_text3  float_text3 0036
__Hfloat_text4  float_text4 0036  __Hidata_0      idata_0     0036
__Hidata_1      idata_1     0036  __Hidata_2      idata_2     006C
__Hidata_3      idata_3     006C  __Hidloc        idloc       2000
__Hinit         init        0000  __Hinit23       init23      006C
__Hintcode      intcode     0000  __Hintentry     intentry    0000
__Hintret       intret      0000  __Hintsave      intsave     006C
__Hintsave_0    intsave_0   0070  __Hintsave_1    intsave_1   00A0
__Hintsave_2    intsave_2   006C  __Hintsave_3    intsave_3   006C
__Hmaintext     maintext    0001  __Hnvbit_0      nvbit_0     0360
__Hnvbit_1      nvbit_1     0500  __Hnvbit_2      nvbit_2     0360
__Hnvbit_3      nvbit_3     0360  __Hnvram        nvram       0020
__Hnvram_1      nvram_1     00A0  __Hnvram_2      nvram_2     006C
__Hnvram_3      nvram_3     006C  __Hpowerup      powerup     0036
__Hpstrings     pstrings    0001  __Hptbit_0      ptbit_0     0360
__Hrbit_0       rbit_0      0100  __Hrbit_1       rbit_1      0500
__Hrbit_2       rbit_2      0360  __Hrbit_3       rbit_3      0360
__Hrbss_0       rbss_0      0020  __Hrbss_1       rbss_1      00A0
__Hrbss_2       rbss_2      006C  __Hrbss_3       rbss_3      006C
__Hrdata_0      rdata_0     0020  __Hrdata_1      rdata_1     00A0
__Hrdata_2      rdata_2     006C  __Hrdata_3      rdata_3     006C
__Hreset_vec    reset_vec   0000  __Hstrings      strings     0036
__Hstringtable  stringtable 0001  __Hstruct       struct      0020
__Htemp         temp        0070  __Htext         text        006C
__Lclrtext      clrtext     0001  __Lcode         code        006C
__Lcommon_ram   common_ram  006C  __Lconfig       config      2007
__Leeprom_data  eeprom_data 0000  __Lend_init     end_init    0000
__Lfloat_text0  float_text0 0036  __Lfloat_text1  float_text1 0036
__Lfloat_text2  float_text2 0036  __Lfloat_text3  float_text3 0036
__Lfloat_text4  float_text4 0036  __Lidata_0      idata_0     0036
__Lidata_1      idata_1     0036  __Lidata_2      idata_2     006C
__Lidata_3      idata_3     006C  __Lidloc        idloc       2000
__Linit         init        0000  __Linit23       init23      006C
__Lintcode      intcode     0000  __Lintentry     intentry    0000
__Lintret       intret      0000  __Lintsave      intsave     006C
__Lintsave_0    intsave_0   0070  __Lintsave_1    intsave_1   00A0
__Lintsave_2    intsave_2   006C  __Lintsave_3    intsave_3   006C
__Lmaintext     maintext    0001  __Lnvbit_0      nvbit_0     0360
__Lnvbit_1      nvbit_1     0500  __Lnvbit_2      nvbit_2     0360
__Lnvbit_3      nvbit_3     0360  __Lnvram        nvram       0020
__Lnvram_1      nvram_1     00A0  __Lnvram_2      nvram_2     006C
__Lnvram_3      nvram_3     006C  __Lpowerup      powerup     0036
__Lpstrings     pstrings    0001  __Lptbit_0      ptbit_0     0360
__Lrbit_0       rbit_0      0100  __Lrbit_1       rbit_1      0500
__Lrbit_2       rbit_2      0360  __Lrbit_3       rbit_3      0360
__Lrbss_0       rbss_0      0020  __Lrbss_1       rbss_1      00A0
__Lrbss_2       rbss_2      006C  __Lrbss_3       rbss_3      006C
__Lrdata_0      rdata_0     0020  __Lrdata_1      rdata_1     00A0
__Lrdata_2      rdata_2     006C  __Lrdata_3      rdata_3     006C
__Lreset_vec    reset_vec   0000  __Lstrings      strings     0001
__Lstringtable  stringtable 0001  __Lstruct       struct      0020
__Ltemp         temp        0070  __Ltext         text        006C
__S0            (abs)       2007  __S1            (abs)       00A0
__S2            (abs)       2100  _exit           init        0000
_main           text0       07BC  intlevel0       intentry    0000
intlevel1       intentry    0000  reset_vec       reset_vec   0000
start           init        0000  
