

HI-TECH Software PIC LITE Macro Assembler V9.70 build 5239 
                                                                                               Sat Sep 08 14:37:34 2012

HI-TECH Software Omniscient Code Generator (Lite mode) build 5239
     1  0000                     opt subtitle "HI-TECH Software Omniscient Code Generator (Lite mode) build 5239"
     2                           
     3                           opt pagewidth 120
     4                           
     5                           	opt lm
     6                           
     7                           	processor	16F677
     8                           clrc	macro
     9                           	bcf	3,0
    10  0000                     	endm
    11                           clrz	macro
    12                           	bcf	3,2
    13  0000                     	endm
    14                           setc	macro
    15                           	bsf	3,0
    16  0000                     	endm
    17                           setz	macro
    18                           	bsf	3,2
    19  0000                     	endm
    20                           skipc	macro
    21                           	btfss	3,0
    22  0000                     	endm
    23                           skipz	macro
    24                           	btfss	3,2
    25  0000                     	endm
    26                           skipnc	macro
    27                           	btfsc	3,0
    28  0000                     	endm
    29                           skipnz	macro
    30                           	btfsc	3,2
    31  0000                     	endm
    32  0000                     indf	equ	0
    33  0000                     indf0	equ	0
    34  0002                     pc	equ	2
    35  0002                     pcl	equ	2
    36  0003                     status	equ	3
    37  0004                     fsr	equ	4
    38  0004                     fsr0	equ	4
    39  0001                     c	equ	1
    40  0000                     z	equ	0
    41  000A                     pclath	equ	10
    42                           ;COMMON:	_main->_BuzzerBeep
    43                           ;COMMON:	_BuzzerBeep->_Delay
    44                           	FNCALL	_main,_BuzzerBeep
    45                           	FNCALL	_main,_Delay
    46                           	FNCALL	_BuzzerBeep,_Delay
    47                           	FNROOT	_main
    48                           	global	_ADCON0
    49                           psect	text8,local,class=CODE,delta=2
    50                           global __ptext8
    51  0001                     __ptext8:
    52  001F                     _ADCON0  equ     31
    53                           	global	_ADRESH
    54  001E                     _ADRESH  equ     30
    55                           	global	_FSR
    56  0004                     _FSR  equ     4
    57                           	global	_INDF
    58  0000                     _INDF  equ     0
    59                           	global	_INTCON
    60  000B                     _INTCON  equ     11
    61                           	global	_PCL
    62  0002                     _PCL  equ     2
    63                           	global	_PCLATH
    64  000A                     _PCLATH  equ     10
    65                           	global	_PIR1
    66  000C                     _PIR1  equ     12
    67                           	global	_PIR2
    68  000D                     _PIR2  equ     13
    69                           	global	_PORTA
    70  0005                     _PORTA  equ     5
    71                           	global	_PORTB
    72  0006                     _PORTB  equ     6
    73                           	global	_PORTC
    74  0007                     _PORTC  equ     7
    75                           	global	_SSPBUF
    76  0013                     _SSPBUF  equ     19
    77                           	global	_SSPCON
    78  0014                     _SSPCON  equ     20
    79                           	global	_STATUS
    80  0003                     _STATUS  equ     3
    81                           	global	_T1CON
    82  0010                     _T1CON  equ     16
    83                           	global	_TMR0
    84  0001                     _TMR0  equ     1
    85                           	global	_TMR1H
    86  000F                     _TMR1H  equ     15
    87                           	global	_TMR1L
    88  000E                     _TMR1L  equ     14
    89                           	global	_ADFM
    90  00FF                     _ADFM  equ     255
    91                           	global	_ADIF
    92  0066                     _ADIF  equ     102
    93                           	global	_ADON
    94  00F8                     _ADON  equ     248
    95                           	global	_C1IF
    96  006D                     _C1IF  equ     109
    97                           	global	_C2IF
    98  006E                     _C2IF  equ     110
    99                           	global	_CARRY
   100  0018                     _CARRY  equ     24
   101                           	global	_CHS0
   102  00FA                     _CHS0  equ     250
   103                           	global	_CHS1
   104  00FB                     _CHS1  equ     251
   105                           	global	_CHS2
   106  00FC                     _CHS2  equ     252
   107                           	global	_CHS3
   108  00FD                     _CHS3  equ     253
   109                           	global	_CKP
   110  00A4                     _CKP  equ     164
   111                           	global	_DC
   112  0019                     _DC  equ     25
   113                           	global	_EEIF
   114  006C                     _EEIF  equ     108
   115                           	global	_GIE
   116  005F                     _GIE  equ     95
   117                           	global	_GODONE
   118  00F9                     _GODONE  equ     249
   119                           	global	_INTE
   120  005C                     _INTE  equ     92
   121                           	global	_INTF
   122  0059                     _INTF  equ     89
   123                           	global	_IRP
   124  001F                     _IRP  equ     31
   125                           	global	_OSFIF
   126  006F                     _OSFIF  equ     111
   127                           	global	_PD
   128  001B                     _PD  equ     27
   129                           	global	_PEIE
   130  005E                     _PEIE  equ     94
   131                           	global	_RA0
   132  0028                     _RA0  equ     40
   133                           	global	_RA1
   134  0029                     _RA1  equ     41
   135                           	global	_RA2
   136  002A                     _RA2  equ     42
   137                           	global	_RA3
   138  002B                     _RA3  equ     43
   139                           	global	_RA4
   140  002C                     _RA4  equ     44
   141                           	global	_RA5
   142  002D                     _RA5  equ     45
   143                           	global	_RABIE
   144  005B                     _RABIE  equ     91
   145                           	global	_RABIF
   146  0058                     _RABIF  equ     88
   147                           	global	_RB4
   148  0034                     _RB4  equ     52
   149                           	global	_RB5
   150  0035                     _RB5  equ     53
   151                           	global	_RB6
   152  0036                     _RB6  equ     54
   153                           	global	_RB7
   154  0037                     _RB7  equ     55
   155                           	global	_RBIE
   156  005B                     _RBIE  equ     91
   157                           	global	_RBIF
   158  0058                     _RBIF  equ     88
   159                           	global	_RC0
   160  0038                     _RC0  equ     56
   161                           	global	_RC1
   162  0039                     _RC1  equ     57
   163                           	global	_RC2
   164  003A                     _RC2  equ     58
   165                           	global	_RC3
   166  003B                     _RC3  equ     59
   167                           	global	_RC4
   168  003C                     _RC4  equ     60
   169                           	global	_RC5
   170  003D                     _RC5  equ     61
   171                           	global	_RC6
   172  003E                     _RC6  equ     62
   173                           	global	_RC7
   174  003F                     _RC7  equ     63
   175                           	global	_RP0
   176  001D                     _RP0  equ     29
   177                           	global	_RP1
   178  001E                     _RP1  equ     30
   179                           	global	_SSPEN
   180  00A5                     _SSPEN  equ     165
   181                           	global	_SSPIF
   182  0063                     _SSPIF  equ     99
   183                           	global	_SSPM0
   184  00A0                     _SSPM0  equ     160
   185                           	global	_SSPM1
   186  00A1                     _SSPM1  equ     161
   187                           	global	_SSPM2
   188  00A2                     _SSPM2  equ     162
   189                           	global	_SSPM3
   190  00A3                     _SSPM3  equ     163
   191                           	global	_SSPOV
   192  00A6                     _SSPOV  equ     166
   193                           	global	_T0IE
   194  005D                     _T0IE  equ     93
   195                           	global	_T0IF
   196  005A                     _T0IF  equ     90
   197                           	global	_T1CKPS0
   198  0084                     _T1CKPS0  equ     132
   199                           	global	_T1CKPS1
   200  0085                     _T1CKPS1  equ     133
   201                           	global	_T1GINV
   202  0087                     _T1GINV  equ     135
   203                           	global	_T1OSCEN
   204  0083                     _T1OSCEN  equ     131
   205                           	global	_T1SYNC
   206  0082                     _T1SYNC  equ     130
   207                           	global	_TMR1CS
   208  0081                     _TMR1CS  equ     129
   209                           	global	_TMR1GE
   210  0086                     _TMR1GE  equ     134
   211+                          	global	_TMR1IF
   212+ 0060                     _TMR1IF  equ     96
   213                           	global	_TMR1ON
   214  0080                     _TMR1ON  equ     128
   215+                          	global	_TO
   216+ 001C                     _TO  equ     28
   217                           	global	_VCFG
   218  00FE                     _VCFG  equ     254
   219+                          	global	_WCOL
   220+ 00A7                     _WCOL  equ     167
   221                           	global	_ZERO
   222  001A                     _ZERO  equ     26
   223+                          	global	_ADCON1
   224+ 009F                     _ADCON1  equ     159
   225+                          	global	_ADRESL
   226+ 009E                     _ADRESL  equ     158
   227+                          	global	_IOCA
   228+ 0096                     _IOCA  equ     150
   229+                          	global	_OPTION
   230+ 0081                     _OPTION  equ     129
   231+                          	global	_OSCCON
   232+ 008F                     _OSCCON  equ     143
   233                           	global	_OSCTUNE
   234  0090                     _OSCTUNE  equ     144
   235                           	global	_PCON
   236  008E                     _PCON  equ     142
   237+                          	global	_PIE1
   238+ 008C                     _PIE1  equ     140
   239+                          	global	_PIE2
   240+ 008D                     _PIE2  equ     141
   241                           	global	_SSPADD
   242  0093                     _SSPADD  equ     147
   243+                          	global	_SSPMSK
   244+ 0093                     _SSPMSK  equ     147
   245                           	global	_SSPSTAT
   246  0094                     _SSPSTAT  equ     148
   247+                          	global	_TRISA
   248+ 0085                     _TRISA  equ     133
   249                           	global	_TRISB
   250  0086                     _TRISB  equ     134
   251+                          	global	_TRISC
   252+ 0087                     _TRISC  equ     135
   253+                          	global	_WDTCON
   254+ 0097                     _WDTCON  equ     151
   255+                          	global	_WPUA
   256+ 0095                     _WPUA  equ     149
   257+                          	global	_ADCS0
   258+ 04FC                     _ADCS0  equ     1276
   259+                          	global	_ADCS1
   260+ 04FD                     _ADCS1  equ     1277
   261                           	global	_ADCS2
   262  04FE                     _ADCS2  equ     1278
   263                           	global	_ADIE
   264  0466                     _ADIE  equ     1126
   265+                          	global	_BF
   266+ 04A0                     _BF  equ     1184
   267+                          	global	_BOR
   268+ 0470                     _BOR  equ     1136
   269+                          	global	_C1IE
   270+ 046D                     _C1IE  equ     1133
   271+                          	global	_C2IE
   272+ 046E                     _C2IE  equ     1134
   273                           	global	_CKE
   274  04A6                     _CKE  equ     1190
   275+                          	global	_DA
   276+ 04A5                     _DA  equ     1189
   277                           	global	_EEIE
   278  046C                     _EEIE  equ     1132
   279+                          	global	_HTS
   280+ 047A                     _HTS  equ     1146
   281+                          	global	_INTEDG
   282+ 040E                     _INTEDG  equ     1038
   283+                          	global	_IOCA0
   284+ 04B0                     _IOCA0  equ     1200
   285+                          	global	_IOCA1
   286+ 04B1                     _IOCA1  equ     1201
   287+                          	global	_IOCA2
   288+ 04B2                     _IOCA2  equ     1202
   289                           	global	_IOCA3
   290  04B3                     _IOCA3  equ     1203
   291+                          	global	_IOCA4
   292+ 04B4                     _IOCA4  equ     1204
   293+                          	global	_IOCA5
   294+ 04B5                     _IOCA5  equ     1205
   295+                          	global	_IRCF0
   296+ 047C                     _IRCF0  equ     1148
   297+                          	global	_IRCF1
   298+ 047D                     _IRCF1  equ     1149
   299+                          	global	_IRCF2
   300+ 047E                     _IRCF2  equ     1150
   301                           	global	_LTS
   302  0479                     _LTS  equ     1145
   303+                          	global	_OSFIE
   304+ 046F                     _OSFIE  equ     1135
   305                           	global	_OSTS
   306  047B                     _OSTS  equ     1147
   307+                          	global	_POR
   308+ 0471                     _POR  equ     1137
   309+                          	global	_PS0
   310+ 0408                     _PS0  equ     1032
   311+                          	global	_PS1
   312+ 0409                     _PS1  equ     1033
   313+                          	global	_PS2
   314+ 040A                     _PS2  equ     1034
   315+                          	global	_PSA
   316+ 040B                     _PSA  equ     1035
   317                           	global	_RABPU
   318  040F                     _RABPU  equ     1039
   319+                          	global	_RBPU
   320+ 040F                     _RBPU  equ     1039
   321+                          	global	_RW
   322+ 04A2                     _RW  equ     1186
   323+                          	global	_SBOREN
   324+ 0474                     _SBOREN  equ     1140
   325+                          	global	_SCS
   326+ 0478                     _SCS  equ     1144
   327+                          	global	_SMP
   328+ 04A7                     _SMP  equ     1191
   329                           	global	_SSPIE
   330  0463                     _SSPIE  equ     1123
   331+                          	global	_START
   332+ 04A3                     _START  equ     1187
   333                           	global	_STOP
   334  04A4                     _STOP  equ     1188
   335+                          	global	_SWDTEN
   336+ 04B8                     _SWDTEN  equ     1208
   337+                          	global	_T0CS
   338+ 040D                     _T0CS  equ     1037
   339+                          	global	_T0SE
   340+ 040C                     _T0SE  equ     1036
   341+                          	global	_TMR1IE
   342+ 0460                     _TMR1IE  equ     1120
   343+                          	global	_TRISA0
   344+ 0428                     _TRISA0  equ     1064
   345                           	global	_TRISA1
   346  0429                     _TRISA1  equ     1065
   347+                          	global	_TRISA2
   348+ 042A                     _TRISA2  equ     1066
   349+                          	global	_TRISA3
   350+ 042B                     _TRISA3  equ     1067
   351+                          	global	_TRISA4
   352+ 042C                     _TRISA4  equ     1068
   353+                          	global	_TRISA5
   354+ 042D                     _TRISA5  equ     1069
   355+                          	global	_TRISB4
   356+ 0434                     _TRISB4  equ     1076
   357                           	global	_TRISB5
   358  0435                     _TRISB5  equ     1077
   359+                          	global	_TRISB6
   360+ 0436                     _TRISB6  equ     1078
   361                           	global	_TRISB7
   362  0437                     _TRISB7  equ     1079
   363+                          	global	_TRISC0
   364+ 0438                     _TRISC0  equ     1080
   365+                          	global	_TRISC1
   366+ 0439                     _TRISC1  equ     1081
   367+                          	global	_TRISC2
   368+ 043A                     _TRISC2  equ     1082
   369+                          	global	_TRISC3
   370+ 043B                     _TRISC3  equ     1083
   371+                          	global	_TRISC4
   372+ 043C                     _TRISC4  equ     1084
   373                           	global	_TRISC5
   374  043D                     _TRISC5  equ     1085
   375                           	global	_TRISC6
   376  043E                     _TRISC6  equ     1086
   377+                          	global	_TRISC7
   378+ 043F                     _TRISC7  equ     1087
   379+                          	global	_TUN0
   380+ 0480                     _TUN0  equ     1152
   381                           	global	_TUN1
   382  0481                     _TUN1  equ     1153
   383+                          	global	_TUN2
   384+ 0482                     _TUN2  equ     1154
   385                           	global	_TUN3
   386  0483                     _TUN3  equ     1155
   387+                          	global	_TUN4
   388+ 0484                     _TUN4  equ     1156
   389                           	global	_UA
   390  04A1                     _UA  equ     1185
   391+                          	global	_ULPWUE
   392+ 0475                     _ULPWUE  equ     1141
   393+                          	global	_WDTPS0
   394+ 04B9                     _WDTPS0  equ     1209
   395+                          	global	_WDTPS1
   396+ 04BA                     _WDTPS1  equ     1210
   397+                          	global	_WDTPS2
   398+ 04BB                     _WDTPS2  equ     1211
   399+                          	global	_WDTPS3
   400+ 04BC                     _WDTPS3  equ     1212
   401                           	global	_WPUA0
   402  04A8                     _WPUA0  equ     1192
   403                           	global	_WPUA1
   404  04A9                     _WPUA1  equ     1193
   405+                          	global	_WPUA2
   406+ 04AA                     _WPUA2  equ     1194
   407+                          	global	_WPUA4
   408+ 04AC                     _WPUA4  equ     1196
   409                           	global	_WPUA5
   410  04AD                     _WPUA5  equ     1197
   411+                          	global	_ANSEL
   412+ 011E                     _ANSEL  equ     286
   413                           	global	_ANSELH
   414  011F                     _ANSELH  equ     287
   415+                          	global	_CM1CON0
   416+ 0119                     _CM1CON0  equ     281
   417+                          	global	_CM2CON0
   418+ 011A                     _CM2CON0  equ     282
   419+                          	global	_CM2CON1
   420+ 011B                     _CM2CON1  equ     283
   421+                          	global	_EEADR
   422+ 010D                     _EEADR  equ     269
   423+                          	global	_EEADRL
   424+ 010D                     _EEADRL  equ     269
   425                           	global	_EEDAT
   426  010C                     _EEDAT  equ     268
   427+                          	global	_EEDATA
   428+ 010C                     _EEDATA  equ     268
   429+                          	global	_EEDATL
   430+ 010C                     _EEDATL  equ     268
   431+                          	global	_IOCB
   432+ 0116                     _IOCB  equ     278
   433+                          	global	_VRCON
   434+ 0118                     _VRCON  equ     280
   435+                          	global	_WPUB
   436+ 0115                     _WPUB  equ     277
   437                           	global	_ANS0
   438  08F0                     _ANS0  equ     2288
   439+                          	global	_ANS1
   440+ 08F1                     _ANS1  equ     2289
   441                           	global	_ANS10
   442  08FA                     _ANS10  equ     2298
   443+                          	global	_ANS11
   444+ 08FB                     _ANS11  equ     2299
   445+                          	global	_ANS2
   446+ 08F2                     _ANS2  equ     2290
   447+                          	global	_ANS3
   448+ 08F3                     _ANS3  equ     2291
   449+                          	global	_ANS4
   450+ 08F4                     _ANS4  equ     2292
   451+                          	global	_ANS5
   452+ 08F5                     _ANS5  equ     2293
   453                           	global	_ANS6
   454  08F6                     _ANS6  equ     2294
   455+                          	global	_ANS7
   456+ 08F7                     _ANS7  equ     2295
   457+                          	global	_ANS8
   458+ 08F8                     _ANS8  equ     2296
   459+                          	global	_ANS9
   460+ 08F9                     _ANS9  equ     2297
   461                           	global	_C1CH0
   462  08C8                     _C1CH0  equ     2248
   463+                          	global	_C1CH1
   464+ 08C9                     _C1CH1  equ     2249
   465                           	global	_C1OE
   466  08CD                     _C1OE  equ     2253
   467+                          	global	_C1ON
   468+ 08CF                     _C1ON  equ     2255
   469                           	global	_C1OUT
   470  08CE                     _C1OUT  equ     2254
   471+                          	global	_C1POL
   472+ 08CC                     _C1POL  equ     2252
   473+                          	global	_C1R
   474+ 08CA                     _C1R  equ     2250
   475+                          	global	_C1VREN
   476+ 08C7                     _C1VREN  equ     2247
   477+                          	global	_C2CH0
   478+ 08D0                     _C2CH0  equ     2256
   479+                          	global	_C2CH1
   480+ 08D1                     _C2CH1  equ     2257
   481                           	global	_C2OE
   482  08D5                     _C2OE  equ     2261
   483                           	global	_C2ON
   484  08D7                     _C2ON  equ     2263
   485+                          	global	_C2OUT
   486+ 08D6                     _C2OUT  equ     2262
   487+                          	global	_C2POL
   488+ 08D4                     _C2POL  equ     2260
   489                           	global	_C2R
   490  08D2                     _C2R  equ     2258
   491+                          	global	_C2SYNC
   492+ 08D8                     _C2SYNC  equ     2264
   493                           	global	_C2VREN
   494  08C6                     _C2VREN  equ     2246
   495+                          	global	_IOCB4
   496+ 08B4                     _IOCB4  equ     2228
   497                           	global	_IOCB5
   498  08B5                     _IOCB5  equ     2229
   499+                          	global	_IOCB6
   500+ 08B6                     _IOCB6  equ     2230
   501+                          	global	_IOCB7
   502+ 08B7                     _IOCB7  equ     2231
   503+                          	global	_MC1OUT
   504+ 08DF                     _MC1OUT  equ     2271
   505+                          	global	_MC2OUT
   506+ 08DE                     _MC2OUT  equ     2270
   507+                          	global	_T1GSS
   508+ 08D9                     _T1GSS  equ     2265
   509                           	global	_VP6EN
   510  08C4                     _VP6EN  equ     2244
   511                           	global	_VR0
   512  08C0                     _VR0  equ     2240
   513+                          	global	_VR1
   514+ 08C1                     _VR1  equ     2241
   515+                          	global	_VR2
   516+ 08C2                     _VR2  equ     2242
   517+                          	global	_VR3
   518+ 08C3                     _VR3  equ     2243
   519+                          	global	_VRR
   520+ 08C5                     _VRR  equ     2245
   521                           	global	_WPUB4
   522  08AC                     _WPUB4  equ     2220
   523+                          	global	_WPUB5
   524+ 08AD                     _WPUB5  equ     2221
   525                           	global	_WPUB6
   526  08AE                     _WPUB6  equ     2222
   527+                          	global	_WPUB7
   528+ 08AF                     _WPUB7  equ     2223
   529+                          	global	_EECON1
   530+ 018C                     _EECON1  equ     396
   531+                          	global	_EECON2
   532+ 018D                     _EECON2  equ     397
   533+                          	global	_SRCON
   534+ 019E                     _SRCON  equ     414
   535+                          	global	_C1SEN
   536+ 0CF5                     _C1SEN  equ     3317
   537                           	global	_C2REN
   538  0CF4                     _C2REN  equ     3316
   539+                          	global	_PULSR
   540+ 0CF2                     _PULSR  equ     3314
   541+                          	global	_PULSS
   542+ 0CF3                     _PULSS  equ     3315
   543+                          	global	_RD
   544+ 0C60                     _RD  equ     3168
   545+                          	global	_SR0
   546+ 0CF6                     _SR0  equ     3318
   547+                          	global	_SR1
   548+ 0CF7                     _SR1  equ     3319
   549                           	global	_WR
   550  0C61                     _WR  equ     3169
   551+                          	global	_WREN
   552+ 0C62                     _WREN  equ     3170
   553                           	global	_WRERR
   554  0C63                     _WRERR  equ     3171
   555+                          	file	"KNL_Motor.as"
   556+                          	line	#
   557+                          psect cinit,class=CODE,delta=2
   558+                          global start_initialization
   559+ 074C                     start_initialization:
   560+                          
   561+                          psect cinit,class=CODE,delta=2
   562+                          global end_of_initialization
   563+                          
   564+                          ;End of C runtime variable initationation code
   565+                          
   566+ 074C                     end_of_initialization:
   567+ 074C  0183               clrf status
   568+ 074D  2F99               ljmp _main	;jump to C main() function
   569+                          psect	cstackCOMMON,class=COMMON,space=1
   570+                          global __pcstackCOMMON
   571+ 0070                     __pcstackCOMMON:
   572                           	global	??_Delay
   573  0070                     ??_Delay: ;@ 0x0
   574+                          	global	Delay@u
   575+ 0070                     Delay@u:	; 2 bytes @ 0x0
   576+ 0070                     	ds	1
   577+                          	global	??_main
   578+ 0071                     ??_main: ;@ 0x1
   579+ 0071                     	ds	1
   580+                          	global	Delay@v
   581+ 0072                     Delay@v:	; 2 bytes @ 0x2
   582  0072                     	ds	2
   583+                          	global	?_Delay
   584+ 0074                     ?_Delay: ;@ 0x4
   585                           	global	Delay@val
   586  0074                     Delay@val:	; 2 bytes @ 0x4
   587+ 0074                     	ds	2
   588+                          	global	??_BuzzerBeep
   589+ 0076                     ??_BuzzerBeep: ;@ 0x6
   590+ 0076                     	ds	1
   591+                          	global	BuzzerBeep@val
   592+ 0077                     BuzzerBeep@val:	; 1 bytes @ 0x7
   593+ 0077                     	ds	1
   594                           	global	BuzzerBeep@j
   595  0078                     BuzzerBeep@j:	; 1 bytes @ 0x8
   596+ 0078                     	ds	1
   597+                          	global	?_main
   598+ 0079                     ?_main: ;@ 0x9
   599+                          	global	?_BuzzerBeep
   600+ 0079                     ?_BuzzerBeep: ;@ 0x9
   601+                          ;Data sizes: Strings 0, constant 0, data 0, bss 0, persistent 0 stack 0
   602+                          ;Auto spaces:   Size  Autos    Used
   603+                          ; COMMON          14      9       9
   604+                          ; BANK0           80      0       0
   605+                          ; BANK1           32      0       0
   606+                          
   607+                          
   608+                          ;Pointer list with targets:
   609+                          
   610+                          
   611+                          
   612+                          ;Main: autosize = 0, tempsize = 0, incstack = 0, save=0
   613+                          
   614+                          
   615+                          ;Call graph:                      Base Space Used Autos Args Refs Density
   616+                          ;_main                                                0    0  100   0.00
   617+                          ;         _BuzzerBeep
   618+                          ;              _Delay
   619+                          ;  _BuzzerBeep                                        3    0   60   0.00
   620+                          ;                                    6 COMMO    3
   621+                          ;              _Delay
   622+                          ;    _Delay                                           4    2   40   0.00
   623+                          ;                                    0 COMMO    6
   624+                          ; Estimated maximum call depth 2
   625+                          ; Address spaces:
   626+                          
   627+                          ;Name               Size   Autos  Total    Cost      Usage
   628+                          ;BITCOMMON            E      0       0       0        0.0%
   629+                          ;CODE                 0      0       0       0        0.0%
   630+                          ;NULL                 0      0       0       0        0.0%
   631+                          ;COMMON               E      9       9       1       64.3%
   632+                          ;SFR0                 0      0       0       1        0.0%
   633+                          ;BITSFR0              0      0       0       1        0.0%
   634+                          ;SFR1                 0      0       0       2        0.0%
   635+                          ;BITSFR1              0      0       0       2        0.0%
   636+                          ;STACK                0      0       0       2        0.0%
   637+                          ;ABS                  0      0       1       3        0.0%
   638+                          ;BITBANK0            50      0       0       4        0.0%
   639+                          ;BITSFR3              0      0       0       4        0.0%
   640+                          ;SFR3                 0      0       0       4        0.0%
   641+                          ;BANK0               50      0       0       5        0.0%
   642+                          ;BITSFR2              0      0       0       5        0.0%
   643+                          ;SFR2                 0      0       0       5        0.0%
   644+                          ;BITBANK1            20      0       0       6        0.0%
   645+                          ;BANK1               20      0       0       7        0.0%
   646+                          ;DATA                 0      0       1       8        0.0%
   647+                          ;EEDATA             100      0       0    1000        0.0%
   648+                          
   649+                          	global	_main
   650+                          psect	maintext,local,class=CODE,delta=2
   651+                          global __pmaintext
   652+ 0799                     __pmaintext:
   653+                          
   654+                          ; *************** function _main *****************
   655+                          ; Defined at:
   656+                          ;		line 22 in file "D:\Amit\E-Projects\PIC Projects\KNL_Motor\KNL_Motor.c"
   657+                          ; Parameters:    Size  Location     Type
   658+                          ;		None
   659+                          ; Auto vars:     Size  Location     Type
   660+                          ;		None
   661+                          ; Return value:  Size  Location     Type
   662+                          ;		None               void
   663+                          ; Registers used:
   664+                          ;		wreg, fsr0l, fsr0h, fsr1l, fsr1h, status,2, status,0, btemp+0, btemp+1, btemp+2, btem
      +                          p+3, pclath, cstack
   665+                          ; Tracked objects:
   666+                          ;		On entry : 17F/0
   667+                          ;		On exit  : 0/0
   668+                          ;		Unchanged: 0/0
   669+                          ; Data sizes:     COMMON   BANK0   BANK1
   670+                          ;      Locals:         0       0       0
   671+                          ;      Temp:     0
   672+                          ;      Total:    0
   673+                          ; This function calls:
   674+                          ;		_BuzzerBeep
   675+                          ;		_Delay
   676+                          ; This function is called by:
   677+                          ;		Startup code after reset
   678+                          ; This function uses a non-reentrant model
   679+                          ; 
   680+                          psect	maintext
   681+                          	file	"D:\Amit\E-Projects\PIC Projects\KNL_Motor\KNL_Motor.c"
   682+                          	line	22
   683+                          	global	__size_of_main
   684+ 0067                     	__size_of_main	equ	__end_of_main-_main
   685                           ;pic16f685.h: 21: volatile unsigned char INDF @ 0x000;
   686                           ;pic16f685.h: 22: volatile unsigned char TMR0 @ 0x001;
   687                           ;pic16f685.h: 23: volatile unsigned char PCL @ 0x002;
   688                           ;pic16f685.h: 24: volatile unsigned char STATUS @ 0x003;
   689                           ;pic16f685.h: 25: unsigned char FSR @ 0x004;
   690                           ;pic16f685.h: 26: volatile unsigned char PORTA @ 0x005;
   691                           ;pic16f685.h: 27: volatile unsigned char PORTB @ 0x006;
   692                           ;pic16f685.h: 28: volatile unsigned char PORTC @ 0x007;
   693                           ;pic16f685.h: 29: volatile unsigned char PCLATH @ 0x00A;
   694                           ;pic16f685.h: 30: volatile unsigned char INTCON @ 0x00B;
   695                           	
   696  0799                     _main:	
   697+                          	opt stack 8
   698+                          ; Regs used in _main: [allreg]
   699+                          	line	23
   700+                          	
   701+ 0799                     l30000349:	
   702                           ;KNL_Motor.c: 23: ANSEL=0x00;
   703  0799  1003               	clrc
   704  079A  3000               	movlw	0
   705  079B  1803               	btfsc	status,0
   706  079C  3001               	movlw	1
   707  079D  1283               	bcf	status, 5	;RP0=0, select bank2
   708  079E  1703               	bsf	status, 6	;RP1=1, select bank2
   709  079F  009E               	movwf	(286)^0100h
   710                           	line	24
   711                           ;KNL_Motor.c: 24: ANSELH=0x00;
   712  07A0  1003               	clrc
   713  07A1  3000               	movlw	0
   714  07A2  1803               	btfsc	status,0
   715  07A3  3001               	movlw	1
   716  07A4  009F               	movwf	(287)^0100h
   717                           	
   718  07A5                     l30000350:	
   719                           	line	25
   720                           ;KNL_Motor.c: 25: TRISC6=0;
   721  07A5  1683               	bsf	status, 5	;RP0=1, select bank1
   722  07A6  1303               	bcf	status, 6	;RP1=0, select bank1
   723  07A7  1307               	bcf	(1086/8)^080h,(1086)&7
   724                           	
   725  07A8                     l30000351:	
   726                           	line	26
   727                           ;KNL_Motor.c: 26: TRISC7=0;
   728  07A8  1387               	bcf	(1087/8)^080h,(1087)&7
   729                           	
   730  07A9                     l30000352:	
   731                           	line	27
   732                           ;KNL_Motor.c: 27: TRISB4=1;
   733  07A9  1606               	bsf	(1076/8)^080h,(1076)&7
   734                           	
   735  07AA                     l30000353:	
   736                           	line	28
   737                           ;KNL_Motor.c: 28: TRISB5=1;
   738  07AA  1686               	bsf	(1077/8)^080h,(1077)&7
   739                           	
   740  07AB                     l30000354:	
   741                           	line	29
   742                           ;KNL_Motor.c: 29: TRISB6=0;
   743  07AB  1306               	bcf	(1078/8)^080h,(1078)&7
   744                           	
   745  07AC                     l30000355:	
   746                           	line	30
   747                           ;KNL_Motor.c: 30: RB6=0;
   748  07AC  1283               	bcf	status, 5	;RP0=0, select bank0
   749  07AD  1303               	bcf	status, 6	;RP1=0, select bank0
   750  07AE  1306               	bcf	(54/8),(54)&7
   751                           	
   752  07AF                     l5:	
   753                           	line	34
   754  07AF  1E06               	btfss	(52/8),(52)&7
   755  07B0  2FB2               	goto	u11
   756  07B1  2FB3               	goto	u10
   757  07B2                     u11:
   758  07B2  2FB7               	goto	l8
   759  07B3                     u10:
   760                           	
   761  07B3                     l30000356:	
   762  07B3  1A86               	btfsc	(53/8),(53)&7
   763  07B4  2FB6               	goto	u21
   764  07B5  2FB7               	goto	u20
   765  07B6                     u21:
   766  07B6  2FAF               	goto	l5
   767  07B7                     u20:
   768                           	
   769  07B7                     l8:	
   770                           	line	35
   771  07B7  1A06               	btfsc	(52/8),(52)&7
   772  07B8  2FBA               	goto	u31
   773  07B9  2FBB               	goto	u30
   774  07BA                     u31:
   775  07BA  2FBF               	goto	l11
   776  07BB                     u30:
   777                           	
   778  07BB                     l30000357:	
   779  07BB  1A86               	btfsc	(53/8),(53)&7
   780  07BC  2FBE               	goto	u41
   781  07BD  2FBF               	goto	u40
   782  07BE                     u41:
   783  07BE  2FB7               	goto	l8
   784  07BF                     u40:
   785                           	
   786  07BF                     l11:	
   787                           	line	36
   788  07BF  1A06               	btfsc	(52/8),(52)&7
   789  07C0  2FC2               	goto	u51
   790  07C1  2FC3               	goto	u50
   791  07C2                     u51:
   792  07C2  2FC7               	goto	l13
   793  07C3                     u50:
   794                           	
   795  07C3                     l30000358:	
   796  07C3  1E86               	btfss	(53/8),(53)&7
   797  07C4  2FC6               	goto	u61
   798  07C5  2FC7               	goto	u60
   799  07C6                     u61:
   800  07C6  2FBF               	goto	l11
   801  07C7                     u60:
   802                           	
   803  07C7                     l13:	
   804                           	line	37
   805                           ;KNL_Motor.c: 37: if(RB4==1&&RB5==0)
   806  07C7  1E06               	btfss	(52/8),(52)&7
   807  07C8  2FCA               	goto	u71
   808  07C9  2FCB               	goto	u70
   809  07CA                     u71:
   810  07CA  2FAF               	goto	l5
   811  07CB                     u70:
   812                           	
   813  07CB                     l30000359:	
   814  07CB  1A86               	btfsc	(53/8),(53)&7
   815  07CC  2FCE               	goto	u81
   816  07CD  2FCF               	goto	u80
   817  07CE                     u81:
   818  07CE  2FAF               	goto	l5
   819  07CF                     u80:
   820                           	
   821  07CF                     l30000360:	
   822                           	line	39
   823                           ;KNL_Motor.c: 38: {
   824                           ;KNL_Motor.c: 39: BuzzerBeep(2);
   825  07CF  3002               	movlw	(02h)
   826  07D0  274E               	fcall	_BuzzerBeep
   827                           	
   828  07D1                     l30000361:	
   829                           	line	40
   830  07D1  1283               	bcf	status, 5	;RP0=0, select bank0
   831  07D2  1303               	bcf	status, 6	;RP1=0, select bank0
   832  07D3  1307               	bcf	(62/8),(62)&7
   833                           	
   834  07D4                     l30000362:	
   835  07D4  1787               	bsf	(63/8),(63)&7
   836                           	
   837  07D5                     l16:	
   838                           	line	41
   839                           ;KNL_Motor.c: 41: Delay(20);
   840  07D5  3014               	movlw	low(014h)
   841  07D6  00F4               	movwf	(?_Delay)
   842  07D7  3000               	movlw	high(014h)
   843  07D8  00F5               	movwf	((?_Delay))+1
   844  07D9  2770               	fcall	_Delay
   845                           	
   846  07DA                     l30000363:	
   847                           	line	42
   848  07DA  1283               	bcf	status, 5	;RP0=0, select bank0
   849  07DB  1303               	bcf	status, 6	;RP1=0, select bank0
   850  07DC  1307               	bcf	(62/8),(62)&7
   851                           	
   852  07DD                     l30000364:	
   853  07DD  1387               	bcf	(63/8),(63)&7
   854                           	
   855  07DE                     l19:	
   856                           	line	43
   857                           ;KNL_Motor.c: 43: Delay(5);
   858  07DE  3005               	movlw	low(05h)
   859  07DF  00F4               	movwf	(?_Delay)
   860  07E0  3000               	movlw	high(05h)
   861  07E1  00F5               	movwf	((?_Delay))+1
   862  07E2  2770               	fcall	_Delay
   863                           	
   864  07E3                     l30000365:	
   865                           	line	47
   866  07E3  1283               	bcf	status, 5	;RP0=0, select bank0
   867  07E4  1303               	bcf	status, 6	;RP1=0, select bank0
   868  07E5  1707               	bsf	(62/8),(62)&7
   869                           	
   870  07E6                     l30000366:	
   871  07E6  1387               	bcf	(63/8),(63)&7
   872                           	
   873  07E7                     l22:	
   874                           	line	48
   875                           ;KNL_Motor.c: 48: Delay(20);
   876  07E7  3014               	movlw	low(014h)
   877  07E8  00F4               	movwf	(?_Delay)
   878  07E9  3000               	movlw	high(014h)
   879  07EA  00F5               	movwf	((?_Delay))+1
   880  07EB  2770               	fcall	_Delay
   881                           	
   882  07EC                     l30000367:	
   883                           	line	49
   884  07EC  1283               	bcf	status, 5	;RP0=0, select bank0
   885  07ED  1303               	bcf	status, 6	;RP1=0, select bank0
   886  07EE  1707               	bsf	(62/8),(62)&7
   887                           	
   888  07EF                     l30000368:	
   889  07EF  1787               	bsf	(63/8),(63)&7
   890                           	
   891  07F0                     l25:	
   892                           	line	50
   893                           ;KNL_Motor.c: 50: Delay(5);
   894  07F0  3005               	movlw	low(05h)
   895  07F1  00F4               	movwf	(?_Delay)
   896  07F2  3000               	movlw	high(05h)
   897  07F3  00F5               	movwf	((?_Delay))+1
   898  07F4  2770               	fcall	_Delay
   899                           	
   900  07F5                     l27:	
   901                           	line	51
   902  07F5  1283               	bcf	status, 5	;RP0=0, select bank0
   903  07F6  1303               	bcf	status, 6	;RP1=0, select bank0
   904  07F7  1E06               	btfss	(52/8),(52)&7
   905  07F8  2FFA               	goto	u91
   906  07F9  2FFB               	goto	u90
   907  07FA                     u91:
   908  07FA  2FFF               	goto	l1
   909  07FB                     u90:
   910                           	
   911  07FB                     l30000369:	
   912  07FB  1E86               	btfss	(53/8),(53)&7
   913  07FC  2FFE               	goto	u101
   914  07FD  2FFF               	goto	u100
   915  07FE                     u101:
   916  07FE  2FF5               	goto	l27
   917  07FF                     u100:
   918                           	
   919  07FF                     l1:	
   920                           	global	start
   921  07FF  2800               	ljmp	start
   922                           	opt stack 0
   923                           GLOBAL	__end_of_main
   924  0800                     	__end_of_main:
   925                           ; =============== function _main ends ============
   926                           
   927                           psect	maintext
   928                           	line	55
   929                           	signat	_main,88
   930                           	global	_BuzzerBeep
   931                           psect	text9,local,class=CODE,delta=2
   932                           global __ptext9
   933  074E                     __ptext9:
   934                           
   935                           ; *************** function _BuzzerBeep *****************
   936                           ; Defined at:
   937                           ;		line 74 in file "D:\Amit\E-Projects\PIC Projects\KNL_Motor\KNL_Motor.c"
   938                           ; Parameters:    Size  Location     Type
   939                           ;  val             1    wreg     unsigned char 
   940                           ; Auto vars:     Size  Location     Type
   941                           ;  val             1    7[COMMON] unsigned char 
   942                           ;  j               1    8[COMMON] unsigned char 
   943                           ; Return value:  Size  Location     Type
   944                           ;		None               void
   945                           ; Registers used:
   946                           ;		wreg, status,2, status,0, pclath, cstack
   947                           ; Tracked objects:
   948                           ;		On entry : 0/0
   949                           ;		On exit  : 0/0
   950                           ;		Unchanged: 0/0
   951                           ; Data sizes:     COMMON   BANK0   BANK1
   952                           ;      Locals:         3       0       0
   953                           ;      Temp:     1
   954                           ;      Total:    3
   955                           ; This function calls:
   956                           ;		_Delay
   957                           ; This function is called by:
   958                           ;		_main
   959                           ; This function uses a non-reentrant model
   960                           ; 
   961                           psect	text9
   962                           	file	"D:\Amit\E-Projects\PIC Projects\KNL_Motor\KNL_Motor.c"
   963                           	line	74
   964                           	global	__size_of_BuzzerBeep
   965  0022                     	__size_of_BuzzerBeep	equ	__end_of_BuzzerBeep-_BuzzerBeep
   966                           ;KNL_Motor.c: 73: void BuzzerBeep(unsigned char val)
   967                           ;KNL_Motor.c: 74: {
   968                           	
   969  074E                     _BuzzerBeep:	
   970                           	opt stack 7
   971                           ; Regs used in _BuzzerBeep: [wreg+status,2+status,0+pclath+cstack]
   972                           ;BuzzerBeep@val stored from wreg
   973                           	line	76
   974  074E  00F7               	movwf	(BuzzerBeep@val)
   975                           	
   976  074F                     l30000375:	
   977                           ;KNL_Motor.c: 75: unsigned char j;
   978                           ;KNL_Motor.c: 76: for(j=0;j<val;j++)
   979  074F  1003               	clrc
   980  0750  3000               	movlw	0
   981  0751  1803               	btfsc	status,0
   982  0752  3001               	movlw	1
   983  0753  00F8               	movwf	(BuzzerBeep@j)
   984  0754  2F69               	goto	l30000379
   985                           	
   986  0755                     l47:	
   987                           	line	78
   988                           ;KNL_Motor.c: 77: {
   989                           ;KNL_Motor.c: 78: RB6=1;
   990  0755  1283               	bcf	status, 5	;RP0=0, select bank0
   991  0756  1303               	bcf	status, 6	;RP1=0, select bank0
   992  0757  1706               	bsf	(54/8),(54)&7
   993                           	
   994  0758                     l30000376:	
   995                           	line	79
   996                           ;KNL_Motor.c: 79: Delay(5);
   997  0758  3005               	movlw	low(05h)
   998  0759  00F4               	movwf	(?_Delay)
   999  075A  3000               	movlw	high(05h)
  1000  075B  00F5               	movwf	((?_Delay))+1
  1001  075C  2770               	fcall	_Delay
  1002                           	
  1003  075D                     l30000377:	
  1004                           	line	80
  1005                           ;KNL_Motor.c: 80: RB6=0;
  1006  075D  1283               	bcf	status, 5	;RP0=0, select bank0
  1007  075E  1303               	bcf	status, 6	;RP1=0, select bank0
  1008  075F  1306               	bcf	(54/8),(54)&7
  1009                           	line	81
  1010                           ;KNL_Motor.c: 81: Delay(5);
  1011  0760  3005               	movlw	low(05h)
  1012  0761  00F4               	movwf	(?_Delay)
  1013  0762  3000               	movlw	high(05h)
  1014  0763  00F5               	movwf	((?_Delay))+1
  1015  0764  2770               	fcall	_Delay
  1016                           	
  1017  0765                     l30000378:	
  1018                           	line	76
  1019  0765  3001               	movlw	(01h)
  1020  0766  00F6               	movwf	(??_BuzzerBeep+0+0)
  1021  0767  0876               	movf	(??_BuzzerBeep+0+0),w
  1022  0768  07F8               	addwf	(BuzzerBeep@j),f
  1023                           	
  1024  0769                     l30000379:	
  1025  0769  0877               	movf	(BuzzerBeep@val),w
  1026  076A  0278               	subwf	(BuzzerBeep@j),w
  1027  076B  1C03               	skipc
  1028  076C  2F6E               	goto	u131
  1029  076D  2F6F               	goto	u130
  1030  076E                     u131:
  1031  076E  2F55               	goto	l47
  1032  076F                     u130:
  1033                           	
  1034  076F                     l46:	
  1035  076F  0008               	return
  1036                           	opt stack 0
  1037                           GLOBAL	__end_of_BuzzerBeep
  1038  0770                     	__end_of_BuzzerBeep:
  1039                           ; =============== function _BuzzerBeep ends ============
  1040                           
  1041                           psect	text10,local,class=CODE,delta=2
  1042                           global __ptext10
  1043  0770                     __ptext10:
  1044                           	line	83
  1045                           	signat	_BuzzerBeep,4216
  1046                           	global	_Delay
  1047                           
  1048                           ; *************** function _Delay *****************
  1049                           ; Defined at:
  1050                           ;		line 58 in file "D:\Amit\E-Projects\PIC Projects\KNL_Motor\KNL_Motor.c"
  1051                           ; Parameters:    Size  Location     Type
  1052                           ;  val             2    4[COMMON] unsigned int 
  1053                           ; Auto vars:     Size  Location     Type
  1054                           ;  v               2    2[COMMON] unsigned int 
  1055                           ;  u               2    0[COMMON] unsigned int 
  1056                           ; Return value:  Size  Location     Type
  1057                           ;		None               void
  1058                           ; Registers used:
  1059                           ;		wreg
  1060                           ; Tracked objects:
  1061                           ;		On entry : 0/0
  1062                           ;		On exit  : 0/0
  1063                           ;		Unchanged: 0/0
  1064                           ; Data sizes:     COMMON   BANK0   BANK1
  1065                           ;      Locals:         6       0       0
  1066                           ;      Temp:     0
  1067                           ;      Total:    6
  1068                           ; This function calls:
  1069                           ;		Nothing
  1070                           ; This function is called by:
  1071                           ;		_main
  1072                           ;		_BuzzerBeep
  1073                           ; This function uses a non-reentrant model
  1074                           ; 
  1075                           psect	text10
  1076                           	file	"D:\Amit\E-Projects\PIC Projects\KNL_Motor\KNL_Motor.c"
  1077                           	line	58
  1078                           	global	__size_of_Delay
  1079  0029                     	__size_of_Delay	equ	__end_of_Delay-_Delay
  1080                           ;KNL_Motor.c: 57: void Delay(unsigned int val)
  1081                           ;KNL_Motor.c: 58: {
  1082                           	
  1083  0770                     _Delay:	
  1084                           	opt stack 6
  1085                           ; Regs used in _Delay: [wreg]
  1086                           	line	60
  1087                           	
  1088  0770                     l30000370:	
  1089                           ;KNL_Motor.c: 59: unsigned int u,v;
  1090                           ;KNL_Motor.c: 60: for(u=0;u<val;u++)
  1091  0770  3000               	movlw	low(0)
  1092  0771  00F0               	movwf	(Delay@u)
  1093  0772  3000               	movlw	high(0)
  1094  0773  00F1               	movwf	((Delay@u))+1
  1095  0774  2F8E               	goto	l34
  1096                           	
  1097  0775                     l30000371:	
  1098                           	line	61
  1099                           ;KNL_Motor.c: 61: for(v=0;v<1000;v++);
  1100  0775  3000               	movlw	low(0)
  1101  0776  00F2               	movwf	(Delay@v)
  1102  0777  3000               	movlw	high(0)
  1103  0778  00F3               	movwf	((Delay@v))+1
  1104                           	
  1105  0779                     l30000373:	
  1106  0779  3001               	movlw	low(01h)
  1107  077A  07F2               	addwf	(Delay@v),f
  1108  077B  1803               	skipnc
  1109  077C  0AF3               	incf	(Delay@v+1),f
  1110  077D  3000               	movlw	high(01h)
  1111  077E  07F3               	addwf	(Delay@v+1),f
  1112  077F  3003               	movlw	high(03E8h)
  1113  0780  0273               	subwf	(Delay@v+1),w
  1114  0781  30E8               	movlw	low(03E8h)
  1115  0782  1903               	skipnz
  1116  0783  0272               	subwf	(Delay@v),w
  1117  0784  1C03               	skipc
  1118  0785  2F87               	goto	u111
  1119  0786  2F88               	goto	u110
  1120  0787                     u111:
  1121  0787  2F79               	goto	l30000373
  1122  0788                     u110:
  1123                           	
  1124  0788                     l30000374:	
  1125                           	line	60
  1126  0788  3001               	movlw	low(01h)
  1127  0789  07F0               	addwf	(Delay@u),f
  1128  078A  1803               	skipnc
  1129  078B  0AF1               	incf	(Delay@u+1),f
  1130  078C  3000               	movlw	high(01h)
  1131  078D  07F1               	addwf	(Delay@u+1),f
  1132                           	
  1133  078E                     l34:	
  1134  078E  0875               	movf	(Delay@val+1),w
  1135  078F  0271               	subwf	(Delay@u+1),w
  1136  0790  1D03               	skipz
  1137  0791  2F94               	goto	u125
  1138  0792  0874               	movf	(Delay@val),w
  1139  0793  0270               	subwf	(Delay@u),w
  1140  0794                     u125:
  1141  0794  1C03               	skipc
  1142  0795  2F97               	goto	u121
  1143  0796  2F98               	goto	u120
  1144  0797                     u121:
  1145  0797  2F75               	goto	l30000371
  1146  0798                     u120:
  1147                           	
  1148  0798                     l30:	
  1149  0798  0008               	return
  1150                           	opt stack 0
  1151                           GLOBAL	__end_of_Delay
  1152  0799                     	__end_of_Delay:
  1153                           ; =============== function _Delay ends ============
  1154                           
  1155                           psect	text11,local,class=CODE,delta=2
  1156                           global __ptext11
  1157  0001                     __ptext11:


HI-TECH Software PICC Macro Assembler V9.70 build 5239 
Symbol Table                                                                                   Sat Sep 08 14:37:34 2012

                   l1 07FF                     l5 07AF                     l8 07B7                    l11 07BF  
                  l13 07C7                    _DA 04A5                    l30 0798                    l22 07E7  
                  _BF 04A0                    _DC 0019                    l16 07D5                    l25 07F0  
                  l34 078E                    l27 07F5                    l19 07DE                    l46 076F  
                  l47 0755                    _PD 001B                    _RD 0C60                    u10 07B3  
                  u11 07B2                    _UA 04A1                    u20 07B7                    u21 07B6  
                  u30 07BB                    u31 07BA                    u40 07BF                    u41 07BE  
                  u50 07C3                    u51 07C2                    u60 07C7                    u61 07C6  
                  u70 07CB                    u71 07CA                    _TO 001C                    u80 07CF  
                  u81 07CE                    u90 07FB                    u91 07FA                    _RW 04A2  
                  _WR 0C61                   _C1R 08CA                   _C2R 08D2                   _CKE 04A6  
                 _CKP 00A4                   _GIE 005F                   _BOR 0470                   _RA0 0028  
                 _RA1 0029                   _RA2 002A                   _RA3 002B                   _RC0 0038  
                 _RA4 002C                   _RC1 0039                   _RA5 002D                   _RC2 003A  
                 _RB4 0034                   _RC3 003B                   _RB5 0035                   _RC4 003C  
                 _RB6 0036                   _RC5 003D                   _RB7 0037                   u100 07FF  
                 _RC6 003E                   u101 07FE                   _RC7 003F                   u110 0788  
                 u111 0787                   u120 0798                   u121 0797                   u130 076F  
                 u131 076E                   u125 0794                   _FSR 0004                   _PCL 0002  
                 _PS0 0408                   _PS1 0409                   _PS2 040A                   _RP0 001D  
                 _IRP 001F                   _RP1 001E                   _HTS 047A                   _SR0 0CF6  
                 _SR1 0CF7                   _SCS 0478                   _PSA 040B                   _LTS 0479  
                 _VR0 08C0                   _VR1 08C1                   _VR2 08C2                   _VR3 08C3  
                 _POR 0471                   _SMP 04A7                   _VRR 08C5               ??_Delay 0070  
        ??_BuzzerBeep 0076                  _C1IE 046D                  _C1IF 006D                  _C2IE 046E  
                _C2IF 006E                  _C1OE 08CD                  _C2OE 08D5                  _C1ON 08CF  
                _C2ON 08D7                  _ADIE 0466                  _ADIF 0066                  _ADFM 00FF  
            __ptext10 0770              __ptext11 0001                  _ADON 00F8                  _CHS0 00FA  
                _CHS1 00FB                  _CHS2 00FC                  _CHS3 00FD                  _EEIE 046C  
                _EEIF 006C                  _ANS0 08F0                  _ANS1 08F1                  _ANS2 08F2  
                _ANS3 08F3                  _ANS4 08F4                  _ANS5 08F5                  _ANS6 08F6  
                _ANS7 08F7                  _ANS8 08F8                  _ANS9 08F9                  _T0IE 005D  
                _T0IF 005A                  _T0CS 040D                  _T0SE 040C                  _IOCA 0096  
                _IOCB 0116                  _INDF 0000                  _PIE1 008C                  _PIE2 008D  
                _PEIE 005E                  _INTE 005C                  _INTF 0059                  _RBIE 005B  
                _RBIF 0058                  _PCON 008E                  _PIR1 000C                  _PIR2 000D  
                _RBPU 040F                  _VCFG 00FE                  _TMR0 0001                  _WCOL 00A7  
                _OSTS 047B                  _TUN0 0480                  _TUN1 0481                  _TUN2 0482  
                _TUN3 0483                  _TUN4 0484                  _STOP 04A4                  _ZERO 001A  
                _WREN 0C62                  _WPUA 0095                  _WPUB 0115                  _main 0799  
                start 0000   start_initialization 074C         __end_of_Delay 0799               _CM1CON0 0119  
             _CM2CON0 011A               _CM2CON1 011B                 _C1CH0 08C8                 _C1CH1 08C9  
               _C2CH0 08D0                 _C2CH1 08D1                 _C1SEN 0CF5                 _C2REN 0CF4  
               _C1POL 08CC                 _C2POL 08D4                 _C1OUT 08CE                 _C2OUT 08D6  
               _ADCS0 04FC                 _ADCS1 04FD                 _ADCS2 04FE                 ?_main 0079  
               _EEADR 010D                 _ANS10 08FA                 _EEDAT 010C                 _ANS11 08FB  
               _CARRY 0018                 _ANSEL 011E                 _T1CON 0010                 _IOCA0 04B0  
               _IOCA1 04B1                 _IOCA2 04B2                 _IOCA3 04B3                 _IOCA4 04B4  
               _IOCA5 04B5                 _IOCB4 08B4                 _IOCB5 08B5                 _IOCB6 08B6  
               _IOCB7 08B7                 _T1GSS 08D9               _T1CKPS0 0084               _T1CKPS1 0085  
               _IRCF0 047C                 _IRCF1 047D                 _IRCF2 047E                 _RABIE 005B  
               _RABIF 0058                 _RABPU 040F                 _OSFIE 046F                 _OSFIF 006F  
               _VP6EN 08C4                 _TMR1H 000F                 _TMR1L 000E                 _PORTA 0005  
               _PORTB 0006               _T1OSCEN 0083                 _PORTC 0007                 _SRCON 019E  
               _START 04A3                 _PULSR 0CF2                 _PULSS 0CF3                 _SSPM0 00A0  
               _SSPM1 00A1                 _SSPM2 00A2                 _SSPM3 00A3                 _TRISA 0085  
               _TRISB 0086                 _TRISC 0087                 _SSPIE 0463                 _SSPIF 0063  
               _SSPEN 00A5                 _VRCON 0118                 _WPUA0 04A8                 _WPUA1 04A9  
               _WPUA2 04AA                 _WPUA4 04AC                 _WPUA5 04AD                 _WPUB4 08AC  
               _SSPOV 00A6                 _WPUB5 08AD                 _WPUB6 08AE                 _WPUB7 08AF  
               _WRERR 0C63                 _Delay 0770           BuzzerBeep@j 0078        __pcstackCOMMON 0070  
             _OSCTUNE 0090               _SSPSTAT 0094                 status 0003   __size_of_BuzzerBeep 0022  
       __size_of_main 0067              l30000350 07A5              l30000351 07A8              l30000360 07CF  
            l30000352 07A9              l30000361 07D1              l30000353 07AA              l30000370 0770  
            l30000362 07D4              l30000354 07AB              l30000371 0775              l30000363 07DA  
            l30000355 07AC              l30000364 07DD              l30000356 07B3              l30000373 0779  
            l30000365 07E3              l30000357 07BB              l30000349 0799              l30000374 0788  
            l30000366 07E6              l30000358 07C3              l30000375 074F              l30000367 07EC  
            l30000359 07CB              l30000376 0758              l30000368 07EF              l30000377 075D  
            l30000369 07FB              l30000378 0765              l30000379 0769         BuzzerBeep@val 0077  
              ??_main 0071               __ptext8 0001               __ptext9 074E            __pmaintext 0799  
              ?_Delay 0074                _C1VREN 08C7                _C2VREN 08C6                _C2SYNC 08D8  
              _ADCON0 001F                _ADCON1 009F                _ADRESH 001E                _ADRESL 009E  
              _EEADRL 010D                _EEDATA 010C                _EEDATL 010C                _EECON1 018C  
              _EECON2 018D                _ANSELH 011F                _MC1OUT 08DF                _MC2OUT 08DE  
        __end_of_main 0800                _T1GINV 0087                _GODONE 00F9  end_of_initialization 074C  
              _T1SYNC 0082                Delay@u 0070                Delay@v 0072                _INTEDG 040E  
              _PCLATH 000A                _INTCON 000B                _SBOREN 0474                _OSCCON 008F  
              _TMR1GE 0086                _TMR1IE 0460                _TMR1IF 0060                _TMR1CS 0081  
              _OPTION 0081                _TMR1ON 0080                _WDTCON 0097                _WDTPS0 04B9  
              _WDTPS1 04BA                _WDTPS2 04BB                _WDTPS3 04BC                _SSPADD 0093  
              _TRISA0 0428                _TRISA1 0429                _TRISA2 042A                _TRISA3 042B  
              _TRISC0 0438                _TRISA4 042C                _TRISC1 0439                _TRISA5 042D  
              _TRISC2 043A                _TRISB4 0434                _TRISC3 043B                _TRISB5 0435  
              _TRISC4 043C                _TRISB6 0436                _TRISC5 043D                _TRISB7 0437  
              _TRISC6 043E                _TRISC7 043F                _STATUS 0003                _SSPCON 0014  
              _SSPBUF 0013                _SWDTEN 04B8                _ULPWUE 0475                _SSPMSK 0093  
            Delay@val 0074            _BuzzerBeep 074E    __end_of_BuzzerBeep 0770           ?_BuzzerBeep 0079  
      __size_of_Delay 0029  
