HI-TECH Software C Compiler 

Linker command line:

--edf=C:\Program Files\HI-TECH Software\PICC\9.70\dat\en_msgs.txt -cs \
  -h+Mchatronics2led.sym -z -Q16F677 -ol.obj -MMchatronics2led.map -E1 \
  -ACODE=00h-07FFh -ACONST=00h-0FFhx8 -AENTRY=00h-0FFhx8 \
  -ASTRING=00h-0FFhx8 -ABANK0=020h-06Fh -ABANK1=0A0h-0BFh \
  -ARAM=020h-06Fh,0A0h-0BFh -AABS1=020h-07Fh,0A0h-0BFh -ACOMMON=070h-07Fh \
  -ASFR0=00h-01Fh -ASFR1=080h-09Fh -ASFR2=0100h-016Fh -ASFR3=0180h-01EFh \
  -preset_vec=00h,intentry=04h,init,end_init -ppowerup=CODE \
  -ACONFIG=02007h-02007h -pconfig=CONFIG -DCONFIG=2 -AIDLOC=02000h-02003h \
  -pidloc=IDLOC -DIDLOC=2 -AEEDATA=00h-0FFh/02100h -peeprom_data=EEDATA \
  -DEEDATA=2 -DCODE=2 -k startup.obj Mchatronics2led.obj 

Object code version is 3.10

Machine type is 16F677



                Name          Link     Load   Length Selector   Space       Scale
startup.obj     end_init         E        E        1       8     0
                reset_vec        0        0        1       0     0
Mchatronics2led.obj
                config        2007     2007        1    400E     0
                intentry         4        4        A       8     0
                text879        383      383       1D       8     0
                text878        441      441       18       8     0
                text880        29D      29D       24       8     0
                text882        459      459       17       8     0
                text881        40E      40E       1A       8     0
                text877        1E2      1E2       37       8     0
                text873        428      428       19       8     0
                text872        49E      49E        E       8     0
                text874        470      470       12       8     0
                text876        2C1      2C1       22       8     0
                text875        3BC      3BC       1C       8     0
                text883        538      538        1       A     0
                text891        490      490        E       8     0
                text890        4AC      4AC        D       8     0
                text889        3A0      3A0       1C       8     0
                text885        365      365       1E       8     0
                text884        4B9      4B9        D       8     0
                text886        3F4      3F4       1A       8     0
                text888        2E3      2E3       21       8     0
                text887        50B      50B        B       A     0
                clrtext        528      528        8       A     0
                bssBANK0        20       20       16      20     1
                cstackCOM       70       70        6      70     1
                maintext       325      325       20       8     0
                cstackBAN       36       36       15      20     1
                bssCOMMON       76       76        6      70     1
                strings        500      500        B       A     0
                cinit          4C6      4C6        B       8     0
                stringtex        F        F      100       8     0
                text860        304      304       21       8     0
                text868        516      516        A       A     0
                text867        520      520        8       A     0
                text869        482      482        E       8     0
                text871        275      275       28       8     0
                text870        3D8      3D8       1C       8     0
                text866        345      345       20       8     0
                text862        219      219       30       8     0
                text861        17B      17B       67       8     0
                text863        10F      10F       6C       8     0
                text865        249      249       2C       8     0
                text864        530      530        8       A     0

TOTAL           Name          Link     Load   Length     Space
        CLASS   CODE           
                end_init         E        E        1     0
                intentry         4        4        A     0
                reset_vec        0        0        1     0
                text879        383      383       1D     0
                text878        441      441       18     0
                text880        29D      29D       24     0
                text882        459      459       17     0
                text881        40E      40E       1A     0
                text877        1E2      1E2       37     0
                text873        428      428       19     0
                text872        49E      49E        E     0
                text874        470      470       12     0
                text876        2C1      2C1       22     0
                text875        3BC      3BC       1C     0
                text883        538      538        1     0
                text891        490      490        E     0
                text890        4AC      4AC        D     0
                text889        3A0      3A0       1C     0
                text885        365      365       1E     0
                text884        4B9      4B9        D     0
                text886        3F4      3F4       1A     0
                text888        2E3      2E3       21     0
                text887        50B      50B        B     0
                clrtext        528      528        8     0
                maintext       325      325       20     0
                strings        500      500        B     0
                cinit          4C6      4C6        B     0
                stringtex        F        F      100     0
                text860        304      304       21     0
                text868        516      516        A     0
                text867        520      520        8     0
                text869        482      482        E     0
                text871        275      275       28     0
                text870        3D8      3D8       1C     0
                text866        345      345       20     0
                text862        219      219       30     0
                text861        17B      17B       67     0
                text863        10F      10F       6C     0
                text865        249      249       2C     0
                text864        530      530        8     0

        CLASS   CONST          

        CLASS   ENTRY          

        CLASS   STRING         

        CLASS   BANK0          
                bssBANK0        20       20       16     1
                cstackBAN       36       36       15     1

        CLASS   BANK1          

        CLASS   RAM            

        CLASS   ABS1           
                abs_s1          7E       7E        2     1

        CLASS   COMMON         
                cstackCOM       70       70        6     1
                bssCOMMON       76       76        6     1

        CLASS   SFR0           

        CLASS   SFR1           

        CLASS   SFR2           

        CLASS   SFR3           

        CLASS   CONFIG         
                config        2007     2007        1     0

        CLASS   IDLOC          

        CLASS   EEDATA         

        CLASS   BANK2          

        CLASS   BANK3          



SEGMENTS        Name            Load    Length   Top    Selector   Space  Class     Delta

                reset_vec       000000  000001  000001         0       0  CODE        2
                intentry        000004  0004CD  0004D1         8       0  CODE        2
                bssBANK0        000020  00002B  00004B        20       1  BANK0       1
                cstackCOMMON    000070  00000C  00007C        70       1  COMMON      1
                strings         000500  000039  000539         A       0  CODE        2
                config          002007  000001  002008      400E       0  CONFIG      2


UNUSED ADDRESS RANGES

        Name                Unused          Largest block    Delta
        BANK0            0004B-0006F              25           1
        BANK1            000A0-000BF              20           1
        CODE             00001-00003               3           2
                         004D1-004FF              2F
                         00539-007FF             2C7
        COMMON           0007C-0007D               2           1
        CONST            00002-00007               6           1
        EEDATA           02100-021FF             100           2
        ENTRY            00002-00007               6           1
        IDLOC            02000-02003               4           2
        RAM              0004B-0006F              25           1
                         000A0-000BF              20
        SFR0             00000-0001F              20           1
        SFR1             00080-0009F              20           1
        SFR2             00100-0016F              70           1
        SFR3             00180-001EF              70           1
        STRING           00002-00007               6           1

                                  Symbol Table

??_AvailabeKey                      cstackCOMMON 00071
??_BuzzerBeep                       cstackCOMMON 00070
??_CHK_LOW_BAT_OPEN                 cstackCOMMON 00070
??_CRCCheck                         cstackCOMMON 00070
??_CheckForiButtonDisconnect        cstackCOMMON 00070
??_ClearAllKeys                     cstackCOMMON 00070
??_ClearKey                         cstackCOMMON 00070
??_Configuration                    cstackBANK0  00036
??_ConfigureMasterKey               cstackBANK0  00036
??_DelayMs                          cstackCOMMON 00070
??_DoorClose                        cstackCOMMON 00070
??_DoorOpen                         cstackCOMMON 00070
??_EEPROMReadKey                    cstackCOMMON 00070
??_EEPROMWriteKey                   cstackCOMMON 00070
??_EEPROMWriteKeyByte               cstackCOMMON 00070
??_GoToSleep                        cstackCOMMON 00070
??_InitiButton                      cstackCOMMON 00070
??_InvalidKeyIndication             cstackCOMMON 00071
??_LockOperation                    cstackBANK0  00036
??_PowerInit                        cstackCOMMON 00070
??_ReadByteToiButton                cstackCOMMON 00070
??_ReadEEPROM                       cstackCOMMON 00070
??_ReadiButton                      cstackCOMMON 00070
??_ToggleBuzzErrorLED               cstackCOMMON 00070
??_ToggleBuzzLED                    cstackCOMMON 00070
??_ToggleLED                        cstackCOMMON 00070
??_Wait_With_LED_Blink              cstackCOMMON 00070
??_WriteByteToiButton               cstackCOMMON 00070
??_WriteEEPROM                      cstackCOMMON 00070
??_delay_10us                       cstackCOMMON 00070
??_isr                              cstackBANK0  00048
??_main                             cstackBANK0  00036
??_strcmp                           cstackCOMMON 00070
?_AvailabeKey                       cstackCOMMON 00072
?_BuzzerBeep                        cstackBANK0  00040
?_CHK_LOW_BAT_OPEN                  cstackCOMMON 00070
?_CRCCheck                          cstackCOMMON 00070
?_CheckForiButtonDisconnect         cstackCOMMON 00071
?_ClearAllKeys                      cstackCOMMON 00071
?_ClearKey                          cstackCOMMON 00071
?_Configuration                     cstackBANK0  00044
?_ConfigureMasterKey                cstackBANK0  00042
?_DelayMs                           cstackBANK0  0003A
?_DoorClose                         cstackCOMMON 00070
?_DoorOpen                          cstackCOMMON 00071
?_EEPROMReadKey                     cstackCOMMON 00072
?_EEPROMWriteKey                    cstackCOMMON 00072
?_EEPROMWriteKeyByte                cstackCOMMON 00071
?_GoToSleep                         cstackCOMMON 00070
?_InitiButton                       cstackCOMMON 00071
?_InvalidKeyIndication              cstackCOMMON 00072
?_LockOperation                     cstackBANK0  00047
?_PowerInit                         cstackCOMMON 00070
?_ReadByteToiButton                 cstackCOMMON 00070
?_ReadEEPROM                        cstackCOMMON 00070
?_ReadiButton                       cstackCOMMON 00072
?_ToggleBuzzErrorLED                cstackCOMMON 00070
?_ToggleBuzzLED                     cstackCOMMON 00070
?_ToggleLED                         cstackCOMMON 00070
?_Wait_With_LED_Blink               cstackCOMMON 00071
?_WriteByteToiButton                cstackCOMMON 00072
?_WriteEEPROM                       cstackCOMMON 00070
?_delay_10us                        cstackCOMMON 00070
?_isr                               cstackBANK0  0004B
?_main                              cstackBANK0  00048
?_strcmp                            cstackCOMMON 00071
AvailabeKey@i                       cstackBANK0  00039
AvailabeKey@key                     cstackBANK0  00038
BuzzerBeep@BeepCnt                  cstackBANK0  0003F
BuzzerBeep@BeepNum                  cstackBANK0  0003C
BuzzerBeep@BeepTime                 cstackBANK0  0003D
BuzzerBeep@LONG_BEEP                cstackBANK0  00040
CRCCheck@CRC                        cstackBANK0  00037
CRCCheck@KeyAllByteZero             cstackBANK0  00036
CRCCheck@KeyPointer                 cstackBANK0  00039
CRCCheck@LenForCrc                  cstackBANK0  00038
ClearAllKeys@Master_Also            cstackBANK0  0003C
ClearAllKeys@i                      cstackBANK0  0003D
ClearKey@KeyNum                     cstackBANK0  0003C
ClearKey@i                          cstackBANK0  0003D
Configuration@KeyConfigured         cstackBANK0  00042
Configuration@i                     cstackBANK0  00043
Configuration@key                   cstackBANK0  00041
ConfigureMasterKey@PowerOnBeep      cstackBANK0  00041
DelayMs@TimeCnt                     cstackBANK0  0003A
DelayMs@i                           cstackBANK0  00036
DelayMs@j                           cstackBANK0  00038
DoorOpen@BattStatus                 cstackCOMMON 00070
EEPROMReadKey@KeyLength             cstackCOMMON 00071
EEPROMReadKey@ReadAddress           cstackCOMMON 00070
EEPROMWriteKey@KeyLength            cstackCOMMON 00071
EEPROMWriteKey@WriteAddress         cstackCOMMON 00070
EEPROMWriteKeyByte@WriteAddress     cstackCOMMON 00070
InitiButton@PresencePulse           cstackCOMMON 00070
LockOperation@ShouldCheckConfig     cstackBANK0  00046
LockOperation@i                     cstackBANK0  00044
ReadByteToiButton@i_byte            cstackBANK0  00037
ReadByteToiButton@n                 cstackBANK0  00038
ReadByteToiButton@temp              cstackBANK0  00036
ReadiButton@iButtonPresent          cstackBANK0  0003A
ReadiButton@n                       cstackBANK0  0003B
Wait_With_LED_Blink@k               cstackBANK0  00036
WriteByteToiButton@d                cstackCOMMON 00070
WriteByteToiButton@n                cstackCOMMON 00071
_ADCON0                             (abs)        0001F
_ADCON1                             (abs)        0009F
_ADCS0                              (abs)        004FC
_ADCS1                              (abs)        004FD
_ADCS2                              (abs)        004FE
_ADFM                               (abs)        000FF
_ADIE                               (abs)        00466
_ADIF                               (abs)        00066
_ADON                               (abs)        000F8
_ADRESH                             (abs)        0001E
_ADRESL                             (abs)        0009E
_ANS0                               (abs)        008F0
_ANS1                               (abs)        008F1
_ANS10                              (abs)        008FA
_ANS11                              (abs)        008FB
_ANS2                               (abs)        008F2
_ANS3                               (abs)        008F3
_ANS4                               (abs)        008F4
_ANS5                               (abs)        008F5
_ANS6                               (abs)        008F6
_ANS7                               (abs)        008F7
_ANS8                               (abs)        008F8
_ANS9                               (abs)        008F9
_ANSEL                              (abs)        0011E
_ANSELH                             (abs)        0011F
_AvailabeKey                        text873      00428
_BF                                 (abs)        004A0
_BOR                                (abs)        00470
_BuzzerBeep                         text877      001E2
_C1CH0                              (abs)        008C8
_C1CH1                              (abs)        008C9
_C1IE                               (abs)        0046D
_C1IF                               (abs)        0006D
_C1OE                               (abs)        008CD
_C1ON                               (abs)        008CF
_C1OUT                              (abs)        008CE
_C1POL                              (abs)        008CC
_C1R                                (abs)        008CA
_C1SEN                              (abs)        00CF5
_C1VREN                             (abs)        008C7
_C2CH0                              (abs)        008D0
_C2CH1                              (abs)        008D1
_C2IE                               (abs)        0046E
_C2IF                               (abs)        0006E
_C2OE                               (abs)        008D5
_C2ON                               (abs)        008D7
_C2OUT                              (abs)        008D6
_C2POL                              (abs)        008D4
_C2R                                (abs)        008D2
_C2REN                              (abs)        00CF4
_C2SYNC                             (abs)        008D8
_C2VREN                             (abs)        008C6
_CARRY                              (abs)        00018
_CHK_LOW_BAT_OPEN                   text871      00275
_CHS0                               (abs)        000FA
_CHS1                               (abs)        000FB
_CHS2                               (abs)        000FC
_CHS3                               (abs)        000FD
_CKE                                (abs)        004A6
_CKP                                (abs)        000A4
_CM1CON0                            (abs)        00119
_CM2CON0                            (abs)        0011A
_CM2CON1                            (abs)        0011B
_CRCCheck                           text880      0029D
_CRCValue                           stringtext1  0000F
_CheckForiButtonDisconnect          text883      00538
_ClearAllKeys                       text870      003D8
_ClearKey                           text872      0049E
_Configuration                      text863      0010F
_ConfigureMasterKey                 text860      00304
_DA                                 (abs)        004A5
_DC                                 (abs)        00019
_DataEEAddr                         bssBANK0     00020
_DataEEData                         bssCOMMON    00076
_DelayMs                            text886      003F4
_DoorClose                          text869      00482
_DoorOpen                           text865      00249
_EEADR                              (abs)        0010D
_EEADRL                             (abs)        0010D
_EECON1                             (abs)        0018C
_EECON2                             (abs)        0018D
_EEDAT                              (abs)        0010C
_EEDATA                             (abs)        0010C
_EEDATL                             (abs)        0010C
_EEIE                               (abs)        0046C
_EEIF                               (abs)        0006C
_EEPROMKey                          bssBANK0     00024
_EEPROMReadKey                      text879      00383
_EEPROMWriteKey                     text876      002C1
_EEPROMWriteKeyByte                 text882      00459
_FSR                                (abs)        00004
_GIE                                (abs)        0005F
_GODONE                             (abs)        000F9
_GoToSleep                          text868      00516
_HTS                                (abs)        0047A
_INDF                               (abs)        00000
_INTCON                             (abs)        0000B
_INTE                               (abs)        0005C
_INTEDG                             (abs)        0040E
_INTF                               (abs)        00059
_IOCA                               (abs)        00096
_IOCA0                              (abs)        004B0
_IOCA1                              (abs)        004B1
_IOCA2                              (abs)        004B2
_IOCA3                              (abs)        004B3
_IOCA4                              (abs)        004B4
_IOCA5                              (abs)        004B5
_IOCB                               (abs)        00116
_IOCB4                              (abs)        008B4
_IOCB5                              (abs)        008B5
_IOCB6                              (abs)        008B6
_IOCB7                              (abs)        008B7
_IRCF0                              (abs)        0047C
_IRCF1                              (abs)        0047D
_IRCF2                              (abs)        0047E
_IRP                                (abs)        0001F
_InitiButton                        text888      002E3
_InvalidKeyCount                    bssCOMMON    00078
_InvalidKeyIndication               text866      00345
_LTS                                (abs)        00479
_LockOperation                      text861      0017B
_LowBatt                            bssCOMMON    00079
_MC1OUT                             (abs)        008DF
_MC2OUT                             (abs)        008DE
_MatchKey                           bssCOMMON    0007A
_OPTION                             (abs)        00081
_OSCCON                             (abs)        0008F
_OSCTUNE                            (abs)        00090
_OSFIE                              (abs)        0046F
_OSFIF                              (abs)        0006F
_OSTS                               (abs)        0047B
_PCL                                (abs)        00002
_PCLATH                             (abs)        0000A
_PCON                               (abs)        0008E
_PD                                 (abs)        0001B
_PEIE                               (abs)        0005E
_PIE1                               (abs)        0008C
_PIE2                               (abs)        0008D
_PIR1                               (abs)        0000C
_PIR2                               (abs)        0000D
_POR                                (abs)        00471
_PORTA                              (abs)        00005
_PORTB                              (abs)        00006
_PORTC                              (abs)        00007
_PS0                                (abs)        00408
_PS1                                (abs)        00409
_PS2                                (abs)        0040A
_PSA                                (abs)        0040B
_PULSR                              (abs)        00CF2
_PULSS                              (abs)        00CF3
_PowerInit                          text862      00219
_RA0                                (abs)        00028
_RA1                                (abs)        00029
_RA2                                (abs)        0002A
_RA3                                (abs)        0002B
_RA4                                (abs)        0002C
_RA5                                (abs)        0002D
_RABIE                              (abs)        0005B
_RABIF                              (abs)        00058
_RABPU                              (abs)        0040F
_RB4                                (abs)        00034
_RB5                                (abs)        00035
_RB6                                (abs)        00036
_RB7                                (abs)        00037
_RBIE                               (abs)        0005B
_RBIF                               (abs)        00058
_RBPU                               (abs)        0040F
_RC0                                (abs)        00038
_RC1                                (abs)        00039
_RC2                                (abs)        0003A
_RC3                                (abs)        0003B
_RC4                                (abs)        0003C
_RC5                                (abs)        0003D
_RC6                                (abs)        0003E
_RC7                                (abs)        0003F
_RD                                 (abs)        00C60
_RP0                                (abs)        0001D
_RP1                                (abs)        0001E
_RW                                 (abs)        004A2
_ReadByteToiButton                  text885      00365
_ReadEEPROM                         text887      0050B
_ReadiButton                        text875      003BC
_SBOREN                             (abs)        00474
_SCS                                (abs)        00478
_SMP                                (abs)        004A7
_SR0                                (abs)        00CF6
_SR1                                (abs)        00CF7
_SRCON                              (abs)        0019E
_SSPADD                             (abs)        00093
_SSPBUF                             (abs)        00013
_SSPCON                             (abs)        00014
_SSPEN                              (abs)        000A5
_SSPIE                              (abs)        00463
_SSPIF                              (abs)        00063
_SSPM0                              (abs)        000A0
_SSPM1                              (abs)        000A1
_SSPM2                              (abs)        000A2
_SSPM3                              (abs)        000A3
_SSPMSK                             (abs)        00093
_SSPOV                              (abs)        000A6
_SSPSTAT                            (abs)        00094
_START                              (abs)        004A3
_STATUS                             (abs)        00003
_STOP                               (abs)        004A4
_SWDTEN                             (abs)        004B8
_T0CS                               (abs)        0040D
_T0IE                               (abs)        0005D
_T0IF                               (abs)        0005A
_T0SE                               (abs)        0040C
_T1CKPS0                            (abs)        00084
_T1CKPS1                            (abs)        00085
_T1CON                              (abs)        00010
_T1GINV                             (abs)        00087
_T1GSS                              (abs)        008D9
_T1OSCEN                            (abs)        00083
_T1SYNC                             (abs)        00082
_TMR0                               (abs)        00001
_TMR1CS                             (abs)        00081
_TMR1GE                             (abs)        00086
_TMR1H                              (abs)        0000F
_TMR1IE                             (abs)        00460
_TMR1IF                             (abs)        00060
_TMR1L                              (abs)        0000E
_TMR1ON                             (abs)        00080
_TO                                 (abs)        0001C
_TRISA                              (abs)        00085
_TRISA0                             (abs)        00428
_TRISA1                             (abs)        00429
_TRISA2                             (abs)        0042A
_TRISA3                             (abs)        0042B
_TRISA4                             (abs)        0042C
_TRISA5                             (abs)        0042D
_TRISB                              (abs)        00086
_TRISB4                             (abs)        00434
_TRISB5                             (abs)        00435
_TRISB6                             (abs)        00436
_TRISB7                             (abs)        00437
_TRISC                              (abs)        00087
_TRISC0                             (abs)        00438
_TRISC1                             (abs)        00439
_TRISC2                             (abs)        0043A
_TRISC3                             (abs)        0043B
_TRISC4                             (abs)        0043C
_TRISC5                             (abs)        0043D
_TRISC6                             (abs)        0043E
_TRISC7                             (abs)        0043F
_TUN0                               (abs)        00480
_TUN1                               (abs)        00481
_TUN2                               (abs)        00482
_TUN3                               (abs)        00483
_TUN4                               (abs)        00484
_TimeCounter                        bssCOMMON    0007B
_ToggleBuzzErrorLED                 text867      00520
_ToggleBuzzLED                      text864      00530
_ToggleLED                          text884      004B9
_ToggleSkipFlag                     bssBANK0     00022
_UA                                 (abs)        004A1
_ULPWUE                             (abs)        00475
_VCFG                               (abs)        000FE
_VP6EN                              (abs)        008C4
_VR0                                (abs)        008C0
_VR1                                (abs)        008C1
_VR2                                (abs)        008C2
_VR3                                (abs)        008C3
_VRCON                              (abs)        00118
_VRR                                (abs)        008C5
_WCOL                               (abs)        000A7
_WDTCON                             (abs)        00097
_WDTPS0                             (abs)        004B9
_WDTPS1                             (abs)        004BA
_WDTPS2                             (abs)        004BB
_WDTPS3                             (abs)        004BC
_WPUA                               (abs)        00095
_WPUA0                              (abs)        004A8
_WPUA1                              (abs)        004A9
_WPUA2                              (abs)        004AA
_WPUA4                              (abs)        004AC
_WPUA5                              (abs)        004AD
_WPUB                               (abs)        00115
_WPUB4                              (abs)        008AC
_WPUB5                              (abs)        008AD
_WPUB6                              (abs)        008AE
_WPUB7                              (abs)        008AF
_WR                                 (abs)        00C61
_WREN                               (abs)        00C62
_WRERR                              (abs)        00C63
_Wait_With_LED_Blink                text874      00470
_WriteByteToiButton                 text881      0040E
_WriteEEPROM                        text889      003A0
_ZERO                               (abs)        0001A
__Babs1                             abs1         04200
__Bbank0                            bank0        04200
__Bbank1                            bank1        04200
__Bbank2                            bank2        04200
__Bbank3                            bank3        04200
__Bclrtext                          clrtext      04200
__Bcode                             code         04200
__Bcommon                           common       04200
__Beeprom_data                      eeprom_data  02100
__Bptbit_0                          ptbit_0      04200
__Bram                              ram          04200
__Bsfr0                             sfr0         04200
__Bsfr1                             sfr1         04200
__Bsfr2                             sfr2         04200
__Bsfr3                             sfr3         04200
__Bstrings                          strings      04200
__Btext                             text         04200
__Habs1                             abs1         00000
__Hbank0                            bank0        00000
__Hbank1                            bank1        00000
__Hbank2                            bank2        00000
__Hbank3                            bank3        00000
__HbssBANK0                         bssBANK0     04200
__HbssCOMMON                        bssCOMMON    04200
__Hcinit                            cinit        04200
__Hclrtext                          clrtext      00000
__Hcode                             code         00000
__Hcommon                           common       00000
__Hconfig                           config       02008
__HcstackBANK0                      cstackBANK0  04200
__HcstackCOMMON                     cstackCOMMON 04200
__Heeprom_data                      eeprom_data  00000
__Hend_init                         end_init     0000F
__Hidloc                            idloc        02000
__Hinit                             init         0000E
__Hintentry                         intentry     0000E
__Hintsave                          intsave      04200
__Hmaintext                         maintext     04200
__Hpa_nodes                         pa_nodes     04200
__Hpowerup                          powerup      0000F
__Hptbit_0                          ptbit_0      21000
__Hram                              ram          00000
__Hreset_vec                        reset_vec    00001
__Hsfr0                             sfr0         00000
__Hsfr1                             sfr1         00000
__Hsfr2                             sfr2         00000
__Hsfr3                             sfr3         00000
__Hstrings                          strings      00000
__Hstringtext1                      stringtext1  04200
__Hstruct                           struct       0004B
__Htemp                             temp         0004B
__Htext                             text         00000
__Labs1                             abs1         00000
__Lbank0                            bank0        00000
__Lbank1                            bank1        00000
__Lbank2                            bank2        00000
__Lbank3                            bank3        00000
__LbssBANK0                         bssBANK0     04200
__LbssCOMMON                        bssCOMMON    04200
__Lcinit                            cinit        04200
__Lclrtext                          clrtext      00000
__Lcode                             code         00000
__Lcommon                           common       00000
__Lconfig                           config       02007
__LcstackBANK0                      cstackBANK0  04200
__LcstackCOMMON                     cstackCOMMON 04200
__Leeprom_data                      eeprom_data  00000
__Lend_init                         end_init     0000E
__Lidloc                            idloc        02000
__Linit                             init         0000E
__Lintentry                         intentry     00004
__Lintsave                          intsave      04200
__Lmaintext                         maintext     04200
__Lpa_nodes                         pa_nodes     04200
__Lpowerup                          powerup      0000F
__Lptbit_0                          ptbit_0      21000
__Lram                              ram          00000
__Lreset_vec                        reset_vec    00000
__Lsfr0                             sfr0         00000
__Lsfr1                             sfr1         00000
__Lsfr2                             sfr2         00000
__Lsfr3                             sfr3         00000
__Lstrings                          strings      00000
__Lstringtext1                      stringtext1  04200
__Lstruct                           struct       0004B
__Ltemp                             temp         0004B
__Ltext                             text         00000
__S0                                (abs)        02008
__S1                                (abs)        00180
__S2                                (abs)        02100
__end_of_AvailabeKey                text873      00441
__end_of_BuzzerBeep                 text877      00219
__end_of_CHK_LOW_BAT_OPEN           text871      0029D
__end_of_CRCCheck                   text880      002C1
__end_of_CheckForiButtonDisconnect  text883      00539
__end_of_ClearAllKeys               text870      003F4
__end_of_ClearKey                   text872      004AC
__end_of_Configuration              text863      0017B
__end_of_ConfigureMasterKey         text860      00325
__end_of_DelayMs                    text886      0040E
__end_of_DoorClose                  text869      00490
__end_of_DoorOpen                   text865      00275
__end_of_EEPROMReadKey              text879      003A0
__end_of_EEPROMWriteKey             text876      002E3
__end_of_EEPROMWriteKeyByte         text882      00470
__end_of_GoToSleep                  text868      00520
__end_of_InitiButton                text888      00304
__end_of_InvalidKeyIndication       text866      00365
__end_of_LockOperation              text861      001E2
__end_of_PowerInit                  text862      00249
__end_of_ReadByteToiButton          text885      00383
__end_of_ReadEEPROM                 text887      00516
__end_of_ReadiButton                text875      003D8
__end_of_ToggleBuzzErrorLED         text867      00528
__end_of_ToggleBuzzLED              text864      00538
__end_of_ToggleLED                  text884      004C6
__end_of_Wait_With_LED_Blink        text874      00482
__end_of_WriteByteToiButton         text881      00428
__end_of_WriteEEPROM                text889      003BC
__end_of_delay_10us                 text890      004B9
__end_of_isr                        text891      0049E
__end_of_main                       maintext     00345
__end_of_strcmp                     text878      00459
__pbssBANK0                         bssBANK0     00020
__pbssCOMMON                        bssCOMMON    00076
__pcstackBANK0                      cstackBANK0  00036
__pcstackCOMMON                     cstackCOMMON 00070
__pintentry                         intentry     00004
__pmaintext                         maintext     00325
__pstrings                          strings      00500
__pstringtext1                      stringtext1  0000F
__ptext860                          text860      00304
__ptext861                          text861      0017B
__ptext862                          text862      00219
__ptext863                          text863      0010F
__ptext864                          text864      00530
__ptext865                          text865      00249
__ptext866                          text866      00345
__ptext867                          text867      00520
__ptext868                          text868      00516
__ptext869                          text869      00482
__ptext870                          text870      003D8
__ptext871                          text871      00275
__ptext872                          text872      0049E
__ptext873                          text873      00428
__ptext874                          text874      00470
__ptext875                          text875      003BC
__ptext876                          text876      002C1
__ptext877                          text877      001E2
__ptext878                          text878      00441
__ptext879                          text879      00383
__ptext880                          text880      0029D
__ptext881                          text881      0040E
__ptext882                          text882      00459
__ptext883                          text883      00538
__ptext884                          text884      004B9
__ptext885                          text885      00365
__ptext886                          text886      003F4
__ptext887                          text887      0050B
__ptext888                          text888      002E3
__ptext889                          text889      003A0
__ptext890                          text890      004AC
__ptext891                          text891      00490
__ptext892                          text892      00539
__size_of_AvailabeKey               (abs)        00000
__size_of_BuzzerBeep                (abs)        00000
__size_of_CHK_LOW_BAT_OPEN          (abs)        00000
__size_of_CRCCheck                  (abs)        00000
__size_of_CheckForiButtonDisconnect (abs)        00000
__size_of_ClearAllKeys              (abs)        00000
__size_of_ClearKey                  (abs)        00000
__size_of_Configuration             (abs)        00000
__size_of_ConfigureMasterKey        (abs)        00000
__size_of_DelayMs                   (abs)        00000
__size_of_DoorClose                 (abs)        00000
__size_of_DoorOpen                  (abs)        00000
__size_of_EEPROMReadKey             (abs)        00000
__size_of_EEPROMWriteKey            (abs)        00000
__size_of_EEPROMWriteKeyByte        (abs)        00000
__size_of_GoToSleep                 (abs)        00000
__size_of_InitiButton               (abs)        00000
__size_of_InvalidKeyIndication      (abs)        00000
__size_of_LockOperation             (abs)        00000
__size_of_PowerInit                 (abs)        00000
__size_of_ReadByteToiButton         (abs)        00000
__size_of_ReadEEPROM                (abs)        00000
__size_of_ReadiButton               (abs)        00000
__size_of_ToggleBuzzErrorLED        (abs)        00000
__size_of_ToggleBuzzLED             (abs)        00000
__size_of_ToggleLED                 (abs)        00000
__size_of_Wait_With_LED_Blink       (abs)        00000
__size_of_WriteByteToiButton        (abs)        00000
__size_of_WriteEEPROM               (abs)        00000
__size_of_delay_10us                (abs)        00000
__size_of_isr                       (abs)        00000
__size_of_main                      (abs)        00000
__size_of_strcmp                    (abs)        00000
__stringbase                        strings      0050B
_delay_10us                         text890      004AC
_exit                               init         0000E
_iButtonKey                         bssBANK0     0002D
_isr                                text891      00490
_main                               maintext     00325
_strcmp                             text878      00441
_t                                  bssBANK0     00023
btemp                               (abs)        0007E
clear_ram                           clrtext      00528
end_of_initialization               cinit        004CF
i1l148                                                
i1l30001406                                           
i1l30001407                                           
i1l30001408                                           
interrupt_function                  intentry     00004
intlevel0                           intentry     00004
intlevel1                           intentry     00004
intlevel2                           intentry     00004
intlevel3                           intentry     00004
intlevel4                           intentry     00004
intlevel5                           intentry     00004
l1                                                    
l112                                                  
l116                                                  
l123                                                  
l13                                                   
l142                                                  
l180                                                  
l210                                                  
l211                                                  
l214                                                  
l220                                                  
l226                                                  
l30001383                                             
l30001385                                             
l30001387                                             
l30001388                                             
l30001389                                             
l30001390                                             
l30001391                                             
l30001392                                             
l30001393                                             
l30001394                                             
l30001395                                             
l30001396                                             
l30001397                                             
l30001398                                             
l30001399                                             
l30001400                                             
l30001401                                             
l30001402                                             
l30001403                                             
l30001404                                             
l30001405                                             
l30001516                                             
l30001519                                             
l30001520                                             
l30001521                                             
l30001522                                             
l30001525                                             
l30001528                                             
l30001529                                             
l30001530                                             
l30001531                                             
l30001532                                             
l30001533                                             
l30001536                                             
l30001539                                             
l30001540                                             
l30001541                                             
l30001544                                             
l30001545                                             
l30001547                                             
l30001548                                             
l30001549                                             
l30001550                                             
l30001551                                             
l30001552                                             
l30001555                                             
l30001557                                             
l30001558                                             
l30001560                                             
l30001561                                             
l30001562                                             
l30001563                                             
l30001564                                             
l30001565                                             
l30001566                                             
l30001567                                             
l30001571                                             
l30001572                                             
l30001573                                             
l30001574                                             
l30001578                                             
l30001580                                             
l30001584                                             
l30001585                                             
l30001587                                             
l30001588                                             
l30001589                                             
l30001593                                             
l30001594                                             
l30001595                                             
l30001596                                             
l30001597                                             
l30001598                                             
l30001609                                             
l30001610                                             
l30001611                                             
l30001612                                             
l30001615                                             
l30001616                                             
l30001620                                             
l30001689                                             
l30001695                                             
l30001702                                             
l30001706                                             
l30001709                                             
l30001720                                             
l30001724                                             
l30001725                                             
l30001726                                             
l30001727                                             
l30001730                                             
l30001735                                             
l30001736                                             
l30001737                                             
l30001738                                             
l30001740                                             
l30001741                                             
l30001742                                             
l30001743                                             
l30001744                                             
l30001745                                             
l30001749                                             
l30001750                                             
l30001751                                             
l30001752                                             
l30001753                                             
l30001754                                             
l30001755                                             
l30001756                                             
l30001757                                             
l30001758                                             
l30001763                                             
l30001766                                             
l30001767                                             
l30001769                                             
l30001771                                             
l30001773                                             
l30001774                                             
l30001775                                             
l30001776                                             
l30001777                                             
l30001778                                             
l30001779                                             
l30001783                                             
l30001784                                             
l30001793                                             
l30001794                                             
l30001795                                             
l30001798                                             
l30001803                                             
l30001804                                             
l30001805                                             
l30001806                                             
l30001807                                             
l30001809                                             
l30001816                                             
l30001817                                             
l30001818                                             
l30001820                                             
l30001825                                             
l30001828                                             
l30001829                                             
l30001832                                             
l30001833                                             
l30001835                                             
l30001836                                             
l30001837                                             
l30001838                                             
l30001839                                             
l30001840                                             
l30001842                                             
l30001849                                             
l30001850                                             
l30001853                                             
l30001854                                             
l30001856                                             
l30001857                                             
l30001862                                             
l30001867                                             
l30001868                                             
l30001869                                             
l30001871                                             
l30001872                                             
l30001873                                             
l30001874                                             
l30001876                                             
l30001879                                             
l30001880                                             
l30001881                                             
l30001882                                             
l30001884                                             
l30001885                                             
l30001886                                             
l30001888                                             
l30001889                                             
l30001891                                             
l30001892                                             
l30001893                                             
l30001895                                             
l30001900                                             
l30001901                                             
l30001904                                             
l30001906                                             
l30001907                                             
l30001908                                             
l30001909                                             
l30001910                                             
l30001911                                             
l30001912                                             
l30001915                                             
l30001916                                             
l30001917                                             
l30001918                                             
l30001920                                             
l30001927                                             
l30001930                                             
l30001933                                             
l30001934                                             
l30001937                                             
l30001938                                             
l30001939                                             
l49                                                   
l5                                                    
l56                                                   
l57                                                   
l61                                                   
l64                                                   
l71                                                   
l74                                                   
l78                                                   
l81                                                   
main@PowerOnBeep                    cstackBANK0  00047
reset_vec                           reset_vec    00000
saved_w                             (abs)        0007F
start                               init         0000E
start_initialization                cinit        004C6
strcmp@i                            cstackBANK0  00037
strcmp@x                            cstackBANK0  00036
strcmp@y                            cstackCOMMON 00071
stringdir                           strings      0050A
stringtab                           strings      00500
